[2019-10-17T13:09:49.435+0200][gc,heap] Heap region size: 1M
[2019-10-17T13:09:49.446+0200][gc     ] Using G1
[2019-10-17T13:09:49.446+0200][gc,heap,coops] Heap address: 0x00000000c0000000, size: 1024 MB, Compressed Oops mode: 32-bit
[2019-10-17T13:09:49.446+0200][gc,cds       ] Mark closed archive regions in map: [0x00000000fff00000, 0x00000000fff69ff8]
[2019-10-17T13:09:49.446+0200][gc,cds       ] Mark open archive regions in map: [0x00000000ffe00000, 0x00000000ffe33ff8]
[2019-10-17T13:09:50.318+0200][gc,start     ] GC(0) Pause Young (Normal) (G1 Evacuation Pause)
[2019-10-17T13:09:50.319+0200][gc,task      ] GC(0) Using 8 workers of 8 for evacuation
[2019-10-17T13:09:50.326+0200][gc,phases    ] GC(0)   Pre Evacuate Collection Set: 0,0ms
[2019-10-17T13:09:50.326+0200][gc,phases    ] GC(0)   Evacuate Collection Set: 6,6ms
[2019-10-17T13:09:50.326+0200][gc,phases    ] GC(0)   Post Evacuate Collection Set: 0,5ms
[2019-10-17T13:09:50.326+0200][gc,phases    ] GC(0)   Other: 1,1ms
[2019-10-17T13:09:50.326+0200][gc,heap      ] GC(0) Eden regions: 51->0(45)
[2019-10-17T13:09:50.326+0200][gc,heap      ] GC(0) Survivor regions: 0->6(7)
[2019-10-17T13:09:50.326+0200][gc,heap      ] GC(0) Old regions: 2->2
[2019-10-17T13:09:50.326+0200][gc,heap      ] GC(0) Humongous regions: 0->0
[2019-10-17T13:09:50.326+0200][gc,metaspace ] GC(0) Metaspace: 16921K->16921K(1064960K)
[2019-10-17T13:09:50.326+0200][gc           ] GC(0) Pause Young (Normal) (G1 Evacuation Pause) 51M->6M(1024M) 8,318ms
[2019-10-17T13:09:50.326+0200][gc,cpu       ] GC(0) User=0,05s Sys=0,01s Real=0,01s
[2019-10-17T13:09:50.563+0200][gc,start     ] GC(1) Pause Young (Concurrent Start) (Metadata GC Threshold)
[2019-10-17T13:09:50.563+0200][gc,task      ] GC(1) Using 8 workers of 8 for evacuation
[2019-10-17T13:09:50.570+0200][gc,phases    ] GC(1)   Pre Evacuate Collection Set: 0,0ms
[2019-10-17T13:09:50.570+0200][gc,phases    ] GC(1)   Evacuate Collection Set: 6,2ms
[2019-10-17T13:09:50.570+0200][gc,phases    ] GC(1)   Post Evacuate Collection Set: 0,3ms
[2019-10-17T13:09:50.570+0200][gc,phases    ] GC(1)   Other: 0,2ms
[2019-10-17T13:09:50.570+0200][gc,heap      ] GC(1) Eden regions: 15->0(49)
[2019-10-17T13:09:50.570+0200][gc,heap      ] GC(1) Survivor regions: 6->2(7)
[2019-10-17T13:09:50.570+0200][gc,heap      ] GC(1) Old regions: 2->8
[2019-10-17T13:09:50.570+0200][gc,heap      ] GC(1) Humongous regions: 129->129
[2019-10-17T13:09:50.570+0200][gc,metaspace ] GC(1) Metaspace: 20350K->20350K(1067008K)
[2019-10-17T13:09:50.570+0200][gc           ] GC(1) Pause Young (Concurrent Start) (Metadata GC Threshold) 150M->137M(1024M) 6,854ms
[2019-10-17T13:09:50.570+0200][gc,cpu       ] GC(1) User=0,03s Sys=0,00s Real=0,01s
[2019-10-17T13:09:50.570+0200][gc           ] GC(2) Concurrent Cycle
[2019-10-17T13:09:50.570+0200][gc,marking   ] GC(2) Concurrent Clear Claimed Marks
[2019-10-17T13:09:50.570+0200][gc,marking   ] GC(2) Concurrent Clear Claimed Marks 0,029ms
[2019-10-17T13:09:50.570+0200][gc,marking   ] GC(2) Concurrent Scan Root Regions
[2019-10-17T13:09:50.571+0200][gc,marking   ] GC(2) Concurrent Scan Root Regions 0,662ms
[2019-10-17T13:09:50.571+0200][gc,marking   ] GC(2) Concurrent Mark (1,139s)
[2019-10-17T13:09:50.571+0200][gc,marking   ] GC(2) Concurrent Mark From Roots
[2019-10-17T13:09:50.571+0200][gc,task      ] GC(2) Using 2 workers of 2 for marking
[2019-10-17T13:09:50.574+0200][gc,marking   ] GC(2) Concurrent Mark From Roots 3,823ms
[2019-10-17T13:09:50.574+0200][gc,marking   ] GC(2) Concurrent Preclean
[2019-10-17T13:09:50.574+0200][gc,marking   ] GC(2) Concurrent Preclean 0,099ms
[2019-10-17T13:09:50.574+0200][gc,marking   ] GC(2) Concurrent Mark (1,139s, 1,143s) 3,951ms
[2019-10-17T13:09:50.575+0200][gc,start     ] GC(2) Pause Remark
[2019-10-17T13:09:50.576+0200][gc,stringtable] GC(2) Cleaned string and symbol table, strings: 4863 processed, 0 removed, symbols: 49173 processed, 47 removed
[2019-10-17T13:09:50.576+0200][gc            ] GC(2) Pause Remark 138M->138M(1024M) 1,585ms
[2019-10-17T13:09:50.576+0200][gc,cpu        ] GC(2) User=0,01s Sys=0,00s Real=0,01s
[2019-10-17T13:09:50.577+0200][gc,marking    ] GC(2) Concurrent Rebuild Remembered Sets
[2019-10-17T13:09:50.579+0200][gc,marking    ] GC(2) Concurrent Rebuild Remembered Sets 2,275ms
[2019-10-17T13:09:50.579+0200][gc,start      ] GC(2) Pause Cleanup
[2019-10-17T13:09:50.579+0200][gc            ] GC(2) Pause Cleanup 138M->138M(1024M) 0,165ms
[2019-10-17T13:09:50.579+0200][gc,cpu        ] GC(2) User=0,00s Sys=0,00s Real=0,00s
[2019-10-17T13:09:50.579+0200][gc,marking    ] GC(2) Concurrent Cleanup for Next Mark
[2019-10-17T13:09:50.582+0200][gc,marking    ] GC(2) Concurrent Cleanup for Next Mark 3,334ms
[2019-10-17T13:09:50.582+0200][gc            ] GC(2) Concurrent Cycle 12,690ms
[2019-10-17T13:10:31.148+0200][gc,start      ] GC(3) Pause Young (Normal) (G1 Evacuation Pause)
[2019-10-17T13:10:31.148+0200][gc,task       ] GC(3) Using 8 workers of 8 for evacuation
[2019-10-17T13:10:31.152+0200][gc,phases     ] GC(3)   Pre Evacuate Collection Set: 0,0ms
[2019-10-17T13:10:31.152+0200][gc,phases     ] GC(3)   Evacuate Collection Set: 3,3ms
[2019-10-17T13:10:31.152+0200][gc,phases     ] GC(3)   Post Evacuate Collection Set: 0,6ms
[2019-10-17T13:10:31.152+0200][gc,phases     ] GC(3)   Other: 0,1ms
[2019-10-17T13:10:31.152+0200][gc,heap       ] GC(3) Eden regions: 49->0(47)
[2019-10-17T13:10:31.152+0200][gc,heap       ] GC(3) Survivor regions: 2->4(7)
[2019-10-17T13:10:31.152+0200][gc,heap       ] GC(3) Old regions: 8->8
[2019-10-17T13:10:31.152+0200][gc,heap       ] GC(3) Humongous regions: 129->0
[2019-10-17T13:10:31.152+0200][gc,metaspace  ] GC(3) Metaspace: 29852K->29852K(1075200K)
[2019-10-17T13:10:31.152+0200][gc            ] GC(3) Pause Young (Normal) (G1 Evacuation Pause) 186M->10M(1024M) 4,088ms
[2019-10-17T13:10:31.152+0200][gc,cpu        ] GC(3) User=0,02s Sys=0,00s Real=0,00s
[2019-10-17T13:10:33.493+0200][gc,heap,exit  ] Heap
[2019-10-17T13:10:33.493+0200][gc,heap,exit  ]  garbage-first heap   total 1048576K, used 13899K [0x00000000c0000000, 0x0000000100000000)
[2019-10-17T13:10:33.493+0200][gc,heap,exit  ]   region size 1024K, 8 young (8192K), 4 survivors (4096K)
[2019-10-17T13:10:33.493+0200][gc,heap,exit  ]  Metaspace       used 29994K, capacity 31479K, committed 31872K, reserved 1077248K
[2019-10-17T13:10:33.493+0200][gc,heap,exit  ]   class space    used 4193K, capacity 4888K, committed 4992K, reserved 1048576K
