[2019-11-18T00:31:15.677+0100][gc,heap] Heap region size: 1M
[2019-11-18T00:31:15.686+0100][gc     ] Using G1
[2019-11-18T00:31:15.686+0100][gc,heap,coops] Heap address: 0x00000000c0000000, size: 1024 MB, Compressed Oops mode: 32-bit
[2019-11-18T00:31:15.686+0100][gc,cds       ] Mark closed archive regions in map: [0x00000000fff00000, 0x00000000fff69ff8]
[2019-11-18T00:31:15.686+0100][gc,cds       ] Mark open archive regions in map: [0x00000000ffe00000, 0x00000000ffe33ff8]
[2019-11-18T00:31:16.649+0100][gc,start     ] GC(0) Pause Young (Normal) (G1 Evacuation Pause)
[2019-11-18T00:31:16.650+0100][gc,task      ] GC(0) Using 8 workers of 8 for evacuation
[2019-11-18T00:31:16.659+0100][gc,phases    ] GC(0)   Pre Evacuate Collection Set: 0,0ms
[2019-11-18T00:31:16.659+0100][gc,phases    ] GC(0)   Evacuate Collection Set: 7,9ms
[2019-11-18T00:31:16.659+0100][gc,phases    ] GC(0)   Post Evacuate Collection Set: 0,4ms
[2019-11-18T00:31:16.659+0100][gc,phases    ] GC(0)   Other: 0,9ms
[2019-11-18T00:31:16.659+0100][gc,heap      ] GC(0) Eden regions: 51->0(45)
[2019-11-18T00:31:16.659+0100][gc,heap      ] GC(0) Survivor regions: 0->6(7)
[2019-11-18T00:31:16.659+0100][gc,heap      ] GC(0) Old regions: 2->2
[2019-11-18T00:31:16.659+0100][gc,heap      ] GC(0) Humongous regions: 0->0
[2019-11-18T00:31:16.659+0100][gc,metaspace ] GC(0) Metaspace: 16912K->16912K(1064960K)
[2019-11-18T00:31:16.659+0100][gc           ] GC(0) Pause Young (Normal) (G1 Evacuation Pause) 51M->6M(1024M) 9,290ms
[2019-11-18T00:31:16.659+0100][gc,cpu       ] GC(0) User=0,05s Sys=0,00s Real=0,01s
[2019-11-18T00:31:16.864+0100][gc,start     ] GC(1) Pause Young (Concurrent Start) (Metadata GC Threshold)
[2019-11-18T00:31:16.864+0100][gc,task      ] GC(1) Using 8 workers of 8 for evacuation
[2019-11-18T00:31:16.871+0100][gc,phases    ] GC(1)   Pre Evacuate Collection Set: 0,0ms
[2019-11-18T00:31:16.871+0100][gc,phases    ] GC(1)   Evacuate Collection Set: 6,5ms
[2019-11-18T00:31:16.871+0100][gc,phases    ] GC(1)   Post Evacuate Collection Set: 0,4ms
[2019-11-18T00:31:16.871+0100][gc,phases    ] GC(1)   Other: 0,2ms
[2019-11-18T00:31:16.871+0100][gc,heap      ] GC(1) Eden regions: 14->0(50)
[2019-11-18T00:31:16.871+0100][gc,heap      ] GC(1) Survivor regions: 6->1(7)
[2019-11-18T00:31:16.872+0100][gc,heap      ] GC(1) Old regions: 2->9
[2019-11-18T00:31:16.872+0100][gc,heap      ] GC(1) Humongous regions: 0->0
[2019-11-18T00:31:16.872+0100][gc,metaspace ] GC(1) Metaspace: 20482K->20482K(1067008K)
[2019-11-18T00:31:16.872+0100][gc           ] GC(1) Pause Young (Concurrent Start) (Metadata GC Threshold) 20M->7M(1024M) 7,151ms
[2019-11-18T00:31:16.872+0100][gc,cpu       ] GC(1) User=0,03s Sys=0,01s Real=0,00s
[2019-11-18T00:31:16.872+0100][gc           ] GC(2) Concurrent Cycle
[2019-11-18T00:31:16.872+0100][gc,marking   ] GC(2) Concurrent Clear Claimed Marks
[2019-11-18T00:31:16.872+0100][gc,marking   ] GC(2) Concurrent Clear Claimed Marks 0,027ms
[2019-11-18T00:31:16.872+0100][gc,marking   ] GC(2) Concurrent Scan Root Regions
[2019-11-18T00:31:16.873+0100][gc,marking   ] GC(2) Concurrent Scan Root Regions 0,959ms
[2019-11-18T00:31:16.873+0100][gc,marking   ] GC(2) Concurrent Mark (1,198s)
[2019-11-18T00:31:16.873+0100][gc,marking   ] GC(2) Concurrent Mark From Roots
[2019-11-18T00:31:16.873+0100][gc,task      ] GC(2) Using 2 workers of 2 for marking
[2019-11-18T00:31:16.879+0100][gc,marking   ] GC(2) Concurrent Mark From Roots 6,243ms
[2019-11-18T00:31:16.879+0100][gc,marking   ] GC(2) Concurrent Preclean
[2019-11-18T00:31:16.879+0100][gc,marking   ] GC(2) Concurrent Preclean 0,119ms
[2019-11-18T00:31:16.879+0100][gc,marking   ] GC(2) Concurrent Mark (1,198s, 1,204s) 6,397ms
[2019-11-18T00:31:16.879+0100][gc,start     ] GC(2) Pause Remark
[2019-11-18T00:31:16.881+0100][gc,stringtable] GC(2) Cleaned string and symbol table, strings: 4771 processed, 0 removed, symbols: 49806 processed, 51 removed
[2019-11-18T00:31:16.882+0100][gc            ] GC(2) Pause Remark 8M->8M(1024M) 2,556ms
[2019-11-18T00:31:16.882+0100][gc,cpu        ] GC(2) User=0,02s Sys=0,00s Real=0,01s
[2019-11-18T00:31:16.882+0100][gc,marking    ] GC(2) Concurrent Rebuild Remembered Sets
[2019-11-18T00:31:16.885+0100][gc,marking    ] GC(2) Concurrent Rebuild Remembered Sets 3,060ms
[2019-11-18T00:31:16.885+0100][gc,start      ] GC(2) Pause Cleanup
[2019-11-18T00:31:16.885+0100][gc            ] GC(2) Pause Cleanup 8M->8M(1024M) 0,185ms
[2019-11-18T00:31:16.885+0100][gc,cpu        ] GC(2) User=0,00s Sys=0,00s Real=0,00s
[2019-11-18T00:31:16.885+0100][gc,marking    ] GC(2) Concurrent Cleanup for Next Mark
[2019-11-18T00:31:16.889+0100][gc,marking    ] GC(2) Concurrent Cleanup for Next Mark 4,138ms
[2019-11-18T00:31:16.889+0100][gc            ] GC(2) Concurrent Cycle 17,775ms
[2019-11-18T00:31:17.786+0100][gc,start      ] GC(3) Pause Young (Normal) (G1 Evacuation Pause)
[2019-11-18T00:31:17.786+0100][gc,task       ] GC(3) Using 8 workers of 8 for evacuation
[2019-11-18T00:31:17.790+0100][gc,phases     ] GC(3)   Pre Evacuate Collection Set: 0,0ms
[2019-11-18T00:31:17.790+0100][gc,phases     ] GC(3)   Evacuate Collection Set: 3,2ms
[2019-11-18T00:31:17.790+0100][gc,phases     ] GC(3)   Post Evacuate Collection Set: 0,4ms
[2019-11-18T00:31:17.790+0100][gc,phases     ] GC(3)   Other: 0,1ms
[2019-11-18T00:31:17.790+0100][gc,heap       ] GC(3) Eden regions: 50->0(46)
[2019-11-18T00:31:17.790+0100][gc,heap       ] GC(3) Survivor regions: 1->5(7)
[2019-11-18T00:31:17.790+0100][gc,heap       ] GC(3) Old regions: 9->9
[2019-11-18T00:31:17.790+0100][gc,heap       ] GC(3) Humongous regions: 129->129
[2019-11-18T00:31:17.790+0100][gc,metaspace  ] GC(3) Metaspace: 28952K->28952K(1075200K)
[2019-11-18T00:31:17.790+0100][gc            ] GC(3) Pause Young (Normal) (G1 Evacuation Pause) 186M->140M(1024M) 3,800ms
[2019-11-18T00:31:17.790+0100][gc,cpu        ] GC(3) User=0,02s Sys=0,00s Real=0,00s
[2019-11-18T00:38:47.618+0100][gc,start      ] GC(4) Pause Young (Normal) (G1 Evacuation Pause)
[2019-11-18T00:38:47.618+0100][gc,task       ] GC(4) Using 8 workers of 8 for evacuation
[2019-11-18T00:38:47.631+0100][gc,phases     ] GC(4)   Pre Evacuate Collection Set: 0,0ms
[2019-11-18T00:38:47.631+0100][gc,phases     ] GC(4)   Evacuate Collection Set: 11,5ms
[2019-11-18T00:38:47.631+0100][gc,phases     ] GC(4)   Post Evacuate Collection Set: 1,6ms
[2019-11-18T00:38:47.631+0100][gc,phases     ] GC(4)   Other: 0,4ms
[2019-11-18T00:38:47.632+0100][gc,heap       ] GC(4) Eden regions: 46->0(49)
[2019-11-18T00:38:47.632+0100][gc,heap       ] GC(4) Survivor regions: 5->2(7)
[2019-11-18T00:38:47.632+0100][gc,heap       ] GC(4) Old regions: 9->13
[2019-11-18T00:38:47.632+0100][gc,heap       ] GC(4) Humongous regions: 135->129
[2019-11-18T00:38:47.632+0100][gc,metaspace  ] GC(4) Metaspace: 32800K->32800K(1079296K)
[2019-11-18T00:38:47.632+0100][gc            ] GC(4) Pause Young (Normal) (G1 Evacuation Pause) 192M->141M(1024M) 13,807ms
[2019-11-18T00:38:47.632+0100][gc,cpu        ] GC(4) User=0,09s Sys=0,00s Real=0,01s
[2019-11-18T00:39:55.069+0100][gc,start      ] GC(5) Pause Young (Concurrent Start) (Metadata GC Threshold)
[2019-11-18T00:39:55.069+0100][gc,task       ] GC(5) Using 8 workers of 8 for evacuation
[2019-11-18T00:39:55.072+0100][gc,phases     ] GC(5)   Pre Evacuate Collection Set: 0,1ms
[2019-11-18T00:39:55.072+0100][gc,phases     ] GC(5)   Evacuate Collection Set: 2,3ms
[2019-11-18T00:39:55.072+0100][gc,phases     ] GC(5)   Post Evacuate Collection Set: 0,4ms
[2019-11-18T00:39:55.072+0100][gc,phases     ] GC(5)   Other: 0,2ms
[2019-11-18T00:39:55.072+0100][gc,heap       ] GC(5) Eden regions: 10->0(49)
[2019-11-18T00:39:55.072+0100][gc,heap       ] GC(5) Survivor regions: 2->2(7)
[2019-11-18T00:39:55.072+0100][gc,heap       ] GC(5) Old regions: 13->13
[2019-11-18T00:39:55.072+0100][gc,heap       ] GC(5) Humongous regions: 129->129
[2019-11-18T00:39:55.072+0100][gc,metaspace  ] GC(5) Metaspace: 33839K->33839K(1079296K)
[2019-11-18T00:39:55.072+0100][gc            ] GC(5) Pause Young (Concurrent Start) (Metadata GC Threshold) 151M->141M(1024M) 3,048ms
[2019-11-18T00:39:55.072+0100][gc,cpu        ] GC(5) User=0,02s Sys=0,00s Real=0,00s
[2019-11-18T00:39:55.072+0100][gc            ] GC(6) Concurrent Cycle
[2019-11-18T00:39:55.072+0100][gc,marking    ] GC(6) Concurrent Clear Claimed Marks
[2019-11-18T00:39:55.072+0100][gc,marking    ] GC(6) Concurrent Clear Claimed Marks 0,064ms
[2019-11-18T00:39:55.072+0100][gc,marking    ] GC(6) Concurrent Scan Root Regions
[2019-11-18T00:39:55.074+0100][gc,marking    ] GC(6) Concurrent Scan Root Regions 1,693ms
[2019-11-18T00:39:55.074+0100][gc,marking    ] GC(6) Concurrent Mark (519,399s)
[2019-11-18T00:39:55.074+0100][gc,marking    ] GC(6) Concurrent Mark From Roots
[2019-11-18T00:39:55.074+0100][gc,task       ] GC(6) Using 2 workers of 2 for marking
[2019-11-18T00:39:55.085+0100][gc,marking    ] GC(6) Concurrent Mark From Roots 11,613ms
[2019-11-18T00:39:55.085+0100][gc,marking    ] GC(6) Concurrent Preclean
[2019-11-18T00:39:55.086+0100][gc,marking    ] GC(6) Concurrent Preclean 0,215ms
[2019-11-18T00:39:55.086+0100][gc,marking    ] GC(6) Concurrent Mark (519,399s, 519,411s) 11,887ms
[2019-11-18T00:39:55.086+0100][gc,start      ] GC(6) Pause Remark
[2019-11-18T00:39:55.090+0100][gc,stringtable] GC(6) Cleaned string and symbol table, strings: 8859 processed, 14 removed, symbols: 72500 processed, 15 removed
[2019-11-18T00:39:55.091+0100][gc            ] GC(6) Pause Remark 142M->142M(1024M) 5,128ms
[2019-11-18T00:39:55.091+0100][gc,cpu        ] GC(6) User=0,03s Sys=0,00s Real=0,00s
[2019-11-18T00:39:55.091+0100][gc,marking    ] GC(6) Concurrent Rebuild Remembered Sets
[2019-11-18T00:39:55.097+0100][gc,marking    ] GC(6) Concurrent Rebuild Remembered Sets 6,361ms
[2019-11-18T00:39:55.097+0100][gc,start      ] GC(6) Pause Cleanup
[2019-11-18T00:39:55.098+0100][gc            ] GC(6) Pause Cleanup 142M->142M(1024M) 0,184ms
[2019-11-18T00:39:55.098+0100][gc,cpu        ] GC(6) User=0,00s Sys=0,00s Real=0,00s
[2019-11-18T00:39:55.098+0100][gc,marking    ] GC(6) Concurrent Cleanup for Next Mark
[2019-11-18T00:39:55.102+0100][gc,marking    ] GC(6) Concurrent Cleanup for Next Mark 4,079ms
[2019-11-18T00:39:55.102+0100][gc            ] GC(6) Concurrent Cycle 29,903ms
[2019-11-18T00:48:48.249+0100][gc,start      ] GC(7) Pause Young (Normal) (G1 Evacuation Pause)
[2019-11-18T00:48:48.249+0100][gc,task       ] GC(7) Using 8 workers of 8 for evacuation
[2019-11-18T00:48:48.257+0100][gc,phases     ] GC(7)   Pre Evacuate Collection Set: 0,1ms
[2019-11-18T00:48:48.257+0100][gc,phases     ] GC(7)   Evacuate Collection Set: 7,4ms
[2019-11-18T00:48:48.257+0100][gc,phases     ] GC(7)   Post Evacuate Collection Set: 0,5ms
[2019-11-18T00:48:48.257+0100][gc,phases     ] GC(7)   Other: 0,4ms
[2019-11-18T00:48:48.257+0100][gc,heap       ] GC(7) Eden regions: 49->0(47)
[2019-11-18T00:48:48.257+0100][gc,heap       ] GC(7) Survivor regions: 2->4(7)
[2019-11-18T00:48:48.257+0100][gc,heap       ] GC(7) Old regions: 13->13
[2019-11-18T00:48:48.257+0100][gc,heap       ] GC(7) Humongous regions: 129->129
[2019-11-18T00:48:48.257+0100][gc,metaspace  ] GC(7) Metaspace: 36174K->36174K(1081344K)
[2019-11-18T00:48:48.257+0100][gc            ] GC(7) Pause Young (Normal) (G1 Evacuation Pause) 190M->143M(1024M) 8,481ms
[2019-11-18T00:48:48.257+0100][gc,cpu        ] GC(7) User=0,06s Sys=0,00s Real=0,01s
[2019-11-18T00:55:38.815+0100][gc,start      ] GC(8) Pause Young (Normal) (G1 Evacuation Pause)
[2019-11-18T00:55:38.815+0100][gc,task       ] GC(8) Using 8 workers of 8 for evacuation
[2019-11-18T00:55:38.832+0100][gc,phases     ] GC(8)   Pre Evacuate Collection Set: 0,1ms
[2019-11-18T00:55:38.832+0100][gc,phases     ] GC(8)   Evacuate Collection Set: 13,7ms
[2019-11-18T00:55:38.832+0100][gc,phases     ] GC(8)   Post Evacuate Collection Set: 2,3ms
[2019-11-18T00:55:38.832+0100][gc,phases     ] GC(8)   Other: 0,7ms
[2019-11-18T00:55:38.832+0100][gc,heap       ] GC(8) Eden regions: 47->0(46)
[2019-11-18T00:55:38.832+0100][gc,heap       ] GC(8) Survivor regions: 4->5(7)
[2019-11-18T00:55:38.832+0100][gc,heap       ] GC(8) Old regions: 13->13
[2019-11-18T00:55:38.832+0100][gc,heap       ] GC(8) Humongous regions: 129->129
[2019-11-18T00:55:38.832+0100][gc,metaspace  ] GC(8) Metaspace: 36321K->36321K(1081344K)
[2019-11-18T00:55:38.832+0100][gc            ] GC(8) Pause Young (Normal) (G1 Evacuation Pause) 190M->145M(1024M) 17,010ms
[2019-11-18T00:55:38.832+0100][gc,cpu        ] GC(8) User=0,11s Sys=0,00s Real=0,01s
[2019-11-18T00:56:33.129+0100][gc,heap,exit  ] Heap
[2019-11-18T00:56:33.129+0100][gc,heap,exit  ]  garbage-first heap   total 1048576K, used 162866K [0x00000000c0000000, 0x0000000100000000)
[2019-11-18T00:56:33.129+0100][gc,heap,exit  ]   region size 1024K, 21 young (21504K), 5 survivors (5120K)
[2019-11-18T00:56:33.129+0100][gc,heap,exit  ]  Metaspace       used 37059K, capacity 39735K, committed 39888K, reserved 1083392K
[2019-11-18T00:56:33.129+0100][gc,heap,exit  ]   class space    used 5453K, capacity 6725K, committed 6784K, reserved 1048576K
