[2019-11-17T19:59:37.067+0100][gc,heap] Heap region size: 1M
[2019-11-17T19:59:37.083+0100][gc     ] Using G1
[2019-11-17T19:59:37.083+0100][gc,heap,coops] Heap address: 0x00000000c0000000, size: 1024 MB, Compressed Oops mode: 32-bit
[2019-11-17T19:59:37.105+0100][gc           ] Periodic GC disabled
[2019-11-17T19:59:37.894+0100][gc,start     ] GC(0) Pause Young (Concurrent Start) (Metadata GC Threshold)
[2019-11-17T19:59:37.895+0100][gc,task      ] GC(0) Using 8 workers of 8 for evacuation
[2019-11-17T19:59:37.901+0100][gc,phases    ] GC(0)   Pre Evacuate Collection Set: 0,0ms
[2019-11-17T19:59:37.901+0100][gc,phases    ] GC(0)   Evacuate Collection Set: 5,3ms
[2019-11-17T19:59:37.901+0100][gc,phases    ] GC(0)   Post Evacuate Collection Set: 0,6ms
[2019-11-17T19:59:37.901+0100][gc,phases    ] GC(0)   Other: 1,0ms
[2019-11-17T19:59:37.901+0100][gc,heap      ] GC(0) Eden regions: 36->0(45)
[2019-11-17T19:59:37.901+0100][gc,heap      ] GC(0) Survivor regions: 0->6(7)
[2019-11-17T19:59:37.901+0100][gc,heap      ] GC(0) Old regions: 0->0
[2019-11-17T19:59:37.901+0100][gc,heap      ] GC(0) Archive regions: 0->0
[2019-11-17T19:59:37.901+0100][gc,heap      ] GC(0) Humongous regions: 0->0
[2019-11-17T19:59:37.901+0100][gc,metaspace ] GC(0) Metaspace: 20743K->20743K(1069056K)
[2019-11-17T19:59:37.901+0100][gc           ] GC(0) Pause Young (Concurrent Start) (Metadata GC Threshold) 35M->5M(1024M) 6,969ms
[2019-11-17T19:59:37.901+0100][gc,cpu       ] GC(0) User=0,02s Sys=0,00s Real=0,00s
[2019-11-17T19:59:37.901+0100][gc           ] GC(1) Concurrent Cycle
[2019-11-17T19:59:37.901+0100][gc,marking   ] GC(1) Concurrent Clear Claimed Marks
[2019-11-17T19:59:37.901+0100][gc,marking   ] GC(1) Concurrent Clear Claimed Marks 0,015ms
[2019-11-17T19:59:37.901+0100][gc,marking   ] GC(1) Concurrent Scan Root Regions
[2019-11-17T19:59:37.903+0100][gc,marking   ] GC(1) Concurrent Scan Root Regions 1,935ms
[2019-11-17T19:59:37.903+0100][gc,marking   ] GC(1) Concurrent Mark (0,842s)
[2019-11-17T19:59:37.903+0100][gc,marking   ] GC(1) Concurrent Mark From Roots
[2019-11-17T19:59:37.903+0100][gc,task      ] GC(1) Using 2 workers of 2 for marking
[2019-11-17T19:59:37.904+0100][gc,marking   ] GC(1) Concurrent Mark From Roots 0,471ms
[2019-11-17T19:59:37.904+0100][gc,marking   ] GC(1) Concurrent Preclean
[2019-11-17T19:59:37.904+0100][gc,marking   ] GC(1) Concurrent Preclean 0,106ms
[2019-11-17T19:59:37.904+0100][gc,marking   ] GC(1) Concurrent Mark (0,842s, 0,843s) 0,606ms
[2019-11-17T19:59:37.904+0100][gc,start     ] GC(1) Pause Remark
[2019-11-17T19:59:37.904+0100][gc,stringtable] GC(1) Cleaned string table, strings: 7369 processed, 0 removed
[2019-11-17T19:59:37.905+0100][gc            ] GC(1) Pause Remark 6M->6M(1024M) 0,909ms
[2019-11-17T19:59:37.905+0100][gc,cpu        ] GC(1) User=0,00s Sys=0,00s Real=0,00s
[2019-11-17T19:59:37.905+0100][gc,marking    ] GC(1) Concurrent Rebuild Remembered Sets
[2019-11-17T19:59:37.905+0100][gc,marking    ] GC(1) Concurrent Rebuild Remembered Sets 0,055ms
[2019-11-17T19:59:37.905+0100][gc,start      ] GC(1) Pause Cleanup
[2019-11-17T19:59:37.905+0100][gc            ] GC(1) Pause Cleanup 6M->6M(1024M) 0,257ms
[2019-11-17T19:59:37.905+0100][gc,cpu        ] GC(1) User=0,00s Sys=0,00s Real=0,00s
[2019-11-17T19:59:37.905+0100][gc,marking    ] GC(1) Concurrent Cleanup for Next Mark
[2019-11-17T19:59:37.912+0100][gc,marking    ] GC(1) Concurrent Cleanup for Next Mark 6,700ms
[2019-11-17T19:59:37.912+0100][gc            ] GC(1) Concurrent Cycle 11,157ms
[2019-11-17T19:59:38.622+0100][gc,start      ] GC(2) Pause Young (Normal) (G1 Evacuation Pause)
[2019-11-17T19:59:38.622+0100][gc,task       ] GC(2) Using 8 workers of 8 for evacuation
[2019-11-17T19:59:38.629+0100][gc,phases     ] GC(2)   Pre Evacuate Collection Set: 0,0ms
[2019-11-17T19:59:38.629+0100][gc,phases     ] GC(2)   Evacuate Collection Set: 5,2ms
[2019-11-17T19:59:38.629+0100][gc,phases     ] GC(2)   Post Evacuate Collection Set: 1,3ms
[2019-11-17T19:59:38.629+0100][gc,phases     ] GC(2)   Other: 0,2ms
[2019-11-17T19:59:38.629+0100][gc,heap       ] GC(2) Eden regions: 45->0(47)
[2019-11-17T19:59:38.629+0100][gc,heap       ] GC(2) Survivor regions: 6->4(7)
[2019-11-17T19:59:38.629+0100][gc,heap       ] GC(2) Old regions: 0->6
[2019-11-17T19:59:38.629+0100][gc,heap       ] GC(2) Archive regions: 0->0
[2019-11-17T19:59:38.629+0100][gc,heap       ] GC(2) Humongous regions: 129->129
[2019-11-17T19:59:38.629+0100][gc,metaspace  ] GC(2) Metaspace: 30452K->30452K(1077248K)
[2019-11-17T19:59:38.629+0100][gc            ] GC(2) Pause Young (Normal) (G1 Evacuation Pause) 179M->137M(1024M) 6,860ms
[2019-11-17T19:59:38.629+0100][gc,cpu        ] GC(2) User=0,03s Sys=0,00s Real=0,00s
[2019-11-17T19:59:38.838+0100][gc,start      ] GC(3) Pause Young (Concurrent Start) (Metadata GC Threshold)
[2019-11-17T19:59:38.838+0100][gc,task       ] GC(3) Using 8 workers of 8 for evacuation
[2019-11-17T19:59:38.841+0100][gc,phases     ] GC(3)   Pre Evacuate Collection Set: 0,1ms
[2019-11-17T19:59:38.841+0100][gc,phases     ] GC(3)   Evacuate Collection Set: 2,6ms
[2019-11-17T19:59:38.841+0100][gc,phases     ] GC(3)   Post Evacuate Collection Set: 0,3ms
[2019-11-17T19:59:38.841+0100][gc,phases     ] GC(3)   Other: 0,2ms
[2019-11-17T19:59:38.841+0100][gc,heap       ] GC(3) Eden regions: 22->0(45)
[2019-11-17T19:59:38.841+0100][gc,heap       ] GC(3) Survivor regions: 4->6(7)
[2019-11-17T19:59:38.841+0100][gc,heap       ] GC(3) Old regions: 6->6
[2019-11-17T19:59:38.841+0100][gc,heap       ] GC(3) Archive regions: 0->0
[2019-11-17T19:59:38.841+0100][gc,heap       ] GC(3) Humongous regions: 129->129
[2019-11-17T19:59:38.841+0100][gc,metaspace  ] GC(3) Metaspace: 34772K->34772K(1081344K)
[2019-11-17T19:59:38.841+0100][gc            ] GC(3) Pause Young (Concurrent Start) (Metadata GC Threshold) 159M->140M(1024M) 3,225ms
[2019-11-17T19:59:38.841+0100][gc,cpu        ] GC(3) User=0,01s Sys=0,00s Real=0,00s
[2019-11-17T19:59:38.841+0100][gc            ] GC(4) Concurrent Cycle
[2019-11-17T19:59:38.841+0100][gc,marking    ] GC(4) Concurrent Clear Claimed Marks
[2019-11-17T19:59:38.841+0100][gc,marking    ] GC(4) Concurrent Clear Claimed Marks 0,025ms
[2019-11-17T19:59:38.841+0100][gc,marking    ] GC(4) Concurrent Scan Root Regions
[2019-11-17T19:59:38.843+0100][gc,marking    ] GC(4) Concurrent Scan Root Regions 2,240ms
[2019-11-17T19:59:38.843+0100][gc,marking    ] GC(4) Concurrent Mark (1,782s)
[2019-11-17T19:59:38.843+0100][gc,marking    ] GC(4) Concurrent Mark From Roots
[2019-11-17T19:59:38.843+0100][gc,task       ] GC(4) Using 2 workers of 2 for marking
[2019-11-17T19:59:38.849+0100][gc,marking    ] GC(4) Concurrent Mark From Roots 5,555ms
[2019-11-17T19:59:38.849+0100][gc,marking    ] GC(4) Concurrent Preclean
[2019-11-17T19:59:38.849+0100][gc,marking    ] GC(4) Concurrent Preclean 0,120ms
[2019-11-17T19:59:38.849+0100][gc,marking    ] GC(4) Concurrent Mark (1,782s, 1,788s) 5,710ms
[2019-11-17T19:59:38.849+0100][gc,start      ] GC(4) Pause Remark
[2019-11-17T19:59:38.850+0100][gc,stringtable] GC(4) Cleaned string table, strings: 13289 processed, 7 removed
[2019-11-17T19:59:38.850+0100][gc            ] GC(4) Pause Remark 140M->140M(1024M) 0,838ms
[2019-11-17T19:59:38.850+0100][gc,cpu        ] GC(4) User=0,00s Sys=0,00s Real=0,01s
[2019-11-17T19:59:38.850+0100][gc,marking    ] GC(4) Concurrent Rebuild Remembered Sets
[2019-11-17T19:59:38.853+0100][gc,marking    ] GC(4) Concurrent Rebuild Remembered Sets 2,658ms
[2019-11-17T19:59:38.854+0100][gc,start      ] GC(4) Pause Cleanup
[2019-11-17T19:59:38.854+0100][gc            ] GC(4) Pause Cleanup 141M->141M(1024M) 0,148ms
[2019-11-17T19:59:38.854+0100][gc,cpu        ] GC(4) User=0,01s Sys=0,00s Real=0,00s
[2019-11-17T19:59:38.854+0100][gc,marking    ] GC(4) Concurrent Cleanup for Next Mark
[2019-11-17T19:59:38.859+0100][gc,marking    ] GC(4) Concurrent Cleanup for Next Mark 4,810ms
[2019-11-17T19:59:38.859+0100][gc            ] GC(4) Concurrent Cycle 17,425ms
[2019-11-17T20:00:13.339+0100][gc,heap,exit  ] Heap
[2019-11-17T20:00:13.339+0100][gc,heap,exit  ]  garbage-first heap   total 1048576K, used 162843K [0x00000000c0000000, 0x0000000100000000)
[2019-11-17T20:00:13.339+0100][gc,heap,exit  ]   region size 1024K, 26 young (26624K), 6 survivors (6144K)
[2019-11-17T20:00:13.339+0100][gc,heap,exit  ]  Metaspace       used 37593K, capacity 39074K, committed 39324K, reserved 1083392K
[2019-11-17T20:00:13.339+0100][gc,heap,exit  ]   class space    used 4830K, capacity 5494K, committed 5612K, reserved 1048576K
