[2019-10-17T13:44:25.727+0200][gc,heap] Heap region size: 1M
[2019-10-17T13:44:25.739+0200][gc     ] Using G1
[2019-10-17T13:44:25.739+0200][gc,heap,coops] Heap address: 0x00000000c0000000, size: 1024 MB, Compressed Oops mode: 32-bit
[2019-10-17T13:44:25.740+0200][gc,cds       ] Mark closed archive regions in map: [0x00000000fff00000, 0x00000000fff69ff8]
[2019-10-17T13:44:25.740+0200][gc,cds       ] Mark open archive regions in map: [0x00000000ffe00000, 0x00000000ffe33ff8]
[2019-10-17T13:44:32.122+0200][gc,start     ] GC(0) Pause Young (Normal) (G1 Evacuation Pause)
[2019-10-17T13:44:32.123+0200][gc,task      ] GC(0) Using 8 workers of 8 for evacuation
[2019-10-17T13:44:32.130+0200][gc,phases    ] GC(0)   Pre Evacuate Collection Set: 0,0ms
[2019-10-17T13:44:32.130+0200][gc,phases    ] GC(0)   Evacuate Collection Set: 6,6ms
[2019-10-17T13:44:32.130+0200][gc,phases    ] GC(0)   Post Evacuate Collection Set: 0,4ms
[2019-10-17T13:44:32.130+0200][gc,phases    ] GC(0)   Other: 1,0ms
[2019-10-17T13:44:32.130+0200][gc,heap      ] GC(0) Eden regions: 51->0(45)
[2019-10-17T13:44:32.130+0200][gc,heap      ] GC(0) Survivor regions: 0->6(7)
[2019-10-17T13:44:32.130+0200][gc,heap      ] GC(0) Old regions: 2->2
[2019-10-17T13:44:32.130+0200][gc,heap      ] GC(0) Humongous regions: 0->0
[2019-10-17T13:44:32.130+0200][gc,metaspace ] GC(0) Metaspace: 16764K->16764K(1064960K)
[2019-10-17T13:44:32.130+0200][gc           ] GC(0) Pause Young (Normal) (G1 Evacuation Pause) 51M->6M(1024M) 8,040ms
[2019-10-17T13:44:32.130+0200][gc,cpu       ] GC(0) User=0,05s Sys=0,00s Real=0,01s
[2019-10-17T13:44:32.320+0200][gc,start     ] GC(1) Pause Young (Concurrent Start) (Metadata GC Threshold)
[2019-10-17T13:44:32.320+0200][gc,task      ] GC(1) Using 8 workers of 8 for evacuation
[2019-10-17T13:44:32.326+0200][gc,phases    ] GC(1)   Pre Evacuate Collection Set: 0,1ms
[2019-10-17T13:44:32.326+0200][gc,phases    ] GC(1)   Evacuate Collection Set: 5,7ms
[2019-10-17T13:44:32.326+0200][gc,phases    ] GC(1)   Post Evacuate Collection Set: 0,3ms
[2019-10-17T13:44:32.326+0200][gc,phases    ] GC(1)   Other: 0,2ms
[2019-10-17T13:44:32.326+0200][gc,heap      ] GC(1) Eden regions: 15->0(50)
[2019-10-17T13:44:32.326+0200][gc,heap      ] GC(1) Survivor regions: 6->1(7)
[2019-10-17T13:44:32.326+0200][gc,heap      ] GC(1) Old regions: 2->9
[2019-10-17T13:44:32.326+0200][gc,heap      ] GC(1) Humongous regions: 0->0
[2019-10-17T13:44:32.326+0200][gc,metaspace ] GC(1) Metaspace: 20506K->20506K(1067008K)
[2019-10-17T13:44:32.327+0200][gc           ] GC(1) Pause Young (Concurrent Start) (Metadata GC Threshold) 21M->7M(1024M) 6,366ms
[2019-10-17T13:44:32.327+0200][gc,cpu       ] GC(1) User=0,03s Sys=0,00s Real=0,01s
[2019-10-17T13:44:32.327+0200][gc           ] GC(2) Concurrent Cycle
[2019-10-17T13:44:32.327+0200][gc,marking   ] GC(2) Concurrent Clear Claimed Marks
[2019-10-17T13:44:32.327+0200][gc,marking   ] GC(2) Concurrent Clear Claimed Marks 0,018ms
[2019-10-17T13:44:32.327+0200][gc,marking   ] GC(2) Concurrent Scan Root Regions
[2019-10-17T13:44:32.327+0200][gc,marking   ] GC(2) Concurrent Scan Root Regions 0,666ms
[2019-10-17T13:44:32.327+0200][gc,marking   ] GC(2) Concurrent Mark (6,604s)
[2019-10-17T13:44:32.327+0200][gc,marking   ] GC(2) Concurrent Mark From Roots
[2019-10-17T13:44:32.327+0200][gc,task      ] GC(2) Using 2 workers of 2 for marking
[2019-10-17T13:44:32.332+0200][gc,marking   ] GC(2) Concurrent Mark From Roots 4,260ms
[2019-10-17T13:44:32.332+0200][gc,marking   ] GC(2) Concurrent Preclean
[2019-10-17T13:44:32.332+0200][gc,marking   ] GC(2) Concurrent Preclean 0,101ms
[2019-10-17T13:44:32.332+0200][gc,marking   ] GC(2) Concurrent Mark (6,604s, 6,609s) 4,392ms
[2019-10-17T13:44:32.332+0200][gc,start     ] GC(2) Pause Remark
[2019-10-17T13:44:32.334+0200][gc,stringtable] GC(2) Cleaned string and symbol table, strings: 4760 processed, 0 removed, symbols: 49795 processed, 52 removed
[2019-10-17T13:44:32.334+0200][gc            ] GC(2) Pause Remark 7M->7M(1024M) 2,123ms
[2019-10-17T13:44:32.334+0200][gc,cpu        ] GC(2) User=0,01s Sys=0,00s Real=0,00s
[2019-10-17T13:44:32.334+0200][gc,marking    ] GC(2) Concurrent Rebuild Remembered Sets
[2019-10-17T13:44:32.337+0200][gc,marking    ] GC(2) Concurrent Rebuild Remembered Sets 3,032ms
[2019-10-17T13:44:32.337+0200][gc,start      ] GC(2) Pause Cleanup
[2019-10-17T13:44:32.337+0200][gc            ] GC(2) Pause Cleanup 7M->7M(1024M) 0,172ms
[2019-10-17T13:44:32.337+0200][gc,cpu        ] GC(2) User=0,00s Sys=0,00s Real=0,00s
[2019-10-17T13:44:32.337+0200][gc,marking    ] GC(2) Concurrent Cleanup for Next Mark
[2019-10-17T13:44:32.342+0200][gc,marking    ] GC(2) Concurrent Cleanup for Next Mark 4,361ms
[2019-10-17T13:44:32.342+0200][gc            ] GC(2) Concurrent Cycle 15,153ms
[2019-10-17T13:44:33.059+0200][gc,start      ] GC(3) Pause Young (Normal) (G1 Evacuation Pause)
[2019-10-17T13:44:33.059+0200][gc,task       ] GC(3) Using 8 workers of 8 for evacuation
[2019-10-17T13:44:33.063+0200][gc,phases     ] GC(3)   Pre Evacuate Collection Set: 0,0ms
[2019-10-17T13:44:33.063+0200][gc,phases     ] GC(3)   Evacuate Collection Set: 3,6ms
[2019-10-17T13:44:33.063+0200][gc,phases     ] GC(3)   Post Evacuate Collection Set: 0,4ms
[2019-10-17T13:44:33.063+0200][gc,phases     ] GC(3)   Other: 0,1ms
[2019-10-17T13:44:33.063+0200][gc,heap       ] GC(3) Eden regions: 50->0(46)
[2019-10-17T13:44:33.063+0200][gc,heap       ] GC(3) Survivor regions: 1->5(7)
[2019-10-17T13:44:33.063+0200][gc,heap       ] GC(3) Old regions: 9->9
[2019-10-17T13:44:33.063+0200][gc,heap       ] GC(3) Humongous regions: 129->129
[2019-10-17T13:44:33.063+0200][gc,metaspace  ] GC(3) Metaspace: 29010K->29010K(1075200K)
[2019-10-17T13:44:33.063+0200][gc            ] GC(3) Pause Young (Normal) (G1 Evacuation Pause) 186M->140M(1024M) 4,260ms
[2019-10-17T13:44:33.063+0200][gc,cpu        ] GC(3) User=0,03s Sys=0,00s Real=0,00s
[2019-10-17T13:45:01.407+0200][gc,start      ] GC(4) Pause Young (Concurrent Start) (Metadata GC Threshold)
[2019-10-17T13:45:01.407+0200][gc,task       ] GC(4) Using 8 workers of 8 for evacuation
[2019-10-17T13:45:01.414+0200][gc,phases     ] GC(4)   Pre Evacuate Collection Set: 0,2ms
[2019-10-17T13:45:01.414+0200][gc,phases     ] GC(4)   Evacuate Collection Set: 5,8ms
[2019-10-17T13:45:01.414+0200][gc,phases     ] GC(4)   Post Evacuate Collection Set: 0,6ms
[2019-10-17T13:45:01.414+0200][gc,phases     ] GC(4)   Other: 0,2ms
[2019-10-17T13:45:01.414+0200][gc,heap       ] GC(4) Eden regions: 35->0(49)
[2019-10-17T13:45:01.414+0200][gc,heap       ] GC(4) Survivor regions: 5->2(7)
[2019-10-17T13:45:01.414+0200][gc,heap       ] GC(4) Old regions: 9->13
[2019-10-17T13:45:01.414+0200][gc,heap       ] GC(4) Humongous regions: 135->129
[2019-10-17T13:45:01.414+0200][gc,metaspace  ] GC(4) Metaspace: 33724K->33724K(1079296K)
[2019-10-17T13:45:01.414+0200][gc            ] GC(4) Pause Young (Concurrent Start) (Metadata GC Threshold) 180M->141M(1024M) 6,849ms
[2019-10-17T13:45:01.414+0200][gc,cpu        ] GC(4) User=0,03s Sys=0,01s Real=0,00s
[2019-10-17T13:45:01.414+0200][gc            ] GC(5) Concurrent Cycle
[2019-10-17T13:45:01.414+0200][gc,marking    ] GC(5) Concurrent Clear Claimed Marks
[2019-10-17T13:45:01.414+0200][gc,marking    ] GC(5) Concurrent Clear Claimed Marks 0,130ms
[2019-10-17T13:45:01.414+0200][gc,marking    ] GC(5) Concurrent Scan Root Regions
[2019-10-17T13:45:01.415+0200][gc,marking    ] GC(5) Concurrent Scan Root Regions 1,514ms
[2019-10-17T13:45:01.415+0200][gc,marking    ] GC(5) Concurrent Mark (35,692s)
[2019-10-17T13:45:01.415+0200][gc,marking    ] GC(5) Concurrent Mark From Roots
[2019-10-17T13:45:01.415+0200][gc,task       ] GC(5) Using 2 workers of 2 for marking
[2019-10-17T13:45:01.430+0200][gc,marking    ] GC(5) Concurrent Mark From Roots 14,162ms
[2019-10-17T13:45:01.430+0200][gc,marking    ] GC(5) Concurrent Preclean
[2019-10-17T13:45:01.430+0200][gc,marking    ] GC(5) Concurrent Preclean 0,152ms
[2019-10-17T13:45:01.430+0200][gc,marking    ] GC(5) Concurrent Mark (35,692s, 35,707s) 14,357ms
[2019-10-17T13:45:01.430+0200][gc,start      ] GC(5) Pause Remark
[2019-10-17T13:45:01.434+0200][gc,stringtable] GC(5) Cleaned string and symbol table, strings: 8623 processed, 9 removed, symbols: 72726 processed, 12 removed
[2019-10-17T13:45:01.435+0200][gc            ] GC(5) Pause Remark 142M->142M(1024M) 4,834ms
[2019-10-17T13:45:01.435+0200][gc,cpu        ] GC(5) User=0,03s Sys=0,00s Real=0,00s
[2019-10-17T13:45:01.435+0200][gc,marking    ] GC(5) Concurrent Rebuild Remembered Sets
[2019-10-17T13:45:01.441+0200][gc,marking    ] GC(5) Concurrent Rebuild Remembered Sets 6,159ms
[2019-10-17T13:45:01.441+0200][gc,start      ] GC(5) Pause Cleanup
[2019-10-17T13:45:01.441+0200][gc            ] GC(5) Pause Cleanup 142M->142M(1024M) 0,192ms
[2019-10-17T13:45:01.441+0200][gc,cpu        ] GC(5) User=0,00s Sys=0,00s Real=0,00s
[2019-10-17T13:45:01.441+0200][gc,marking    ] GC(5) Concurrent Cleanup for Next Mark
[2019-10-17T13:45:01.445+0200][gc,marking    ] GC(5) Concurrent Cleanup for Next Mark 3,573ms
[2019-10-17T13:45:01.445+0200][gc            ] GC(5) Concurrent Cycle 31,295ms
[2019-10-17T13:45:45.332+0200][gc,heap,exit  ] Heap
[2019-10-17T13:45:45.332+0200][gc,heap,exit  ]  garbage-first heap   total 1048576K, used 160634K [0x00000000c0000000, 0x0000000100000000)
[2019-10-17T13:45:45.332+0200][gc,heap,exit  ]   region size 1024K, 18 young (18432K), 2 survivors (2048K)
[2019-10-17T13:45:45.332+0200][gc,heap,exit  ]  Metaspace       used 35136K, capacity 37486K, committed 37680K, reserved 1081344K
[2019-10-17T13:45:45.332+0200][gc,heap,exit  ]   class space    used 5254K, capacity 6431K, committed 6528K, reserved 1048576K
