[2019-10-17T13:52:06.055+0200][gc,heap] Heap region size: 1M
[2019-10-17T13:52:06.066+0200][gc     ] Using G1
[2019-10-17T13:52:06.066+0200][gc,heap,coops] Heap address: 0x00000000c0000000, size: 1024 MB, Compressed Oops mode: 32-bit
[2019-10-17T13:52:06.067+0200][gc,cds       ] Mark closed archive regions in map: [0x00000000fff00000, 0x00000000fff69ff8]
[2019-10-17T13:52:06.067+0200][gc,cds       ] Mark open archive regions in map: [0x00000000ffe00000, 0x00000000ffe33ff8]
[2019-10-17T13:52:06.947+0200][gc,start     ] GC(0) Pause Young (Normal) (G1 Evacuation Pause)
[2019-10-17T13:52:06.948+0200][gc,task      ] GC(0) Using 8 workers of 8 for evacuation
[2019-10-17T13:52:06.956+0200][gc,phases    ] GC(0)   Pre Evacuate Collection Set: 0,0ms
[2019-10-17T13:52:06.956+0200][gc,phases    ] GC(0)   Evacuate Collection Set: 6,9ms
[2019-10-17T13:52:06.956+0200][gc,phases    ] GC(0)   Post Evacuate Collection Set: 0,4ms
[2019-10-17T13:52:06.956+0200][gc,phases    ] GC(0)   Other: 0,8ms
[2019-10-17T13:52:06.956+0200][gc,heap      ] GC(0) Eden regions: 51->0(44)
[2019-10-17T13:52:06.956+0200][gc,heap      ] GC(0) Survivor regions: 0->7(7)
[2019-10-17T13:52:06.956+0200][gc,heap      ] GC(0) Old regions: 2->2
[2019-10-17T13:52:06.956+0200][gc,heap      ] GC(0) Humongous regions: 0->0
[2019-10-17T13:52:06.956+0200][gc,metaspace ] GC(0) Metaspace: 16898K->16898K(1064960K)
[2019-10-17T13:52:06.956+0200][gc           ] GC(0) Pause Young (Normal) (G1 Evacuation Pause) 51M->6M(1024M) 8,178ms
[2019-10-17T13:52:06.956+0200][gc,cpu       ] GC(0) User=0,05s Sys=0,00s Real=0,00s
[2019-10-17T13:52:07.141+0200][gc,start     ] GC(1) Pause Young (Concurrent Start) (Metadata GC Threshold)
[2019-10-17T13:52:07.141+0200][gc,task      ] GC(1) Using 8 workers of 8 for evacuation
[2019-10-17T13:52:07.148+0200][gc,phases    ] GC(1)   Pre Evacuate Collection Set: 0,0ms
[2019-10-17T13:52:07.148+0200][gc,phases    ] GC(1)   Evacuate Collection Set: 6,0ms
[2019-10-17T13:52:07.148+0200][gc,phases    ] GC(1)   Post Evacuate Collection Set: 0,4ms
[2019-10-17T13:52:07.148+0200][gc,phases    ] GC(1)   Other: 0,2ms
[2019-10-17T13:52:07.148+0200][gc,heap      ] GC(1) Eden regions: 14->0(50)
[2019-10-17T13:52:07.148+0200][gc,heap      ] GC(1) Survivor regions: 7->1(7)
[2019-10-17T13:52:07.148+0200][gc,heap      ] GC(1) Old regions: 2->8
[2019-10-17T13:52:07.148+0200][gc,heap      ] GC(1) Humongous regions: 0->0
[2019-10-17T13:52:07.148+0200][gc,metaspace ] GC(1) Metaspace: 20503K->20503K(1067008K)
[2019-10-17T13:52:07.148+0200][gc           ] GC(1) Pause Young (Concurrent Start) (Metadata GC Threshold) 20M->7M(1024M) 6,667ms
[2019-10-17T13:52:07.148+0200][gc,cpu       ] GC(1) User=0,03s Sys=0,00s Real=0,01s
[2019-10-17T13:52:07.148+0200][gc           ] GC(2) Concurrent Cycle
[2019-10-17T13:52:07.148+0200][gc,marking   ] GC(2) Concurrent Clear Claimed Marks
[2019-10-17T13:52:07.148+0200][gc,marking   ] GC(2) Concurrent Clear Claimed Marks 0,021ms
[2019-10-17T13:52:07.148+0200][gc,marking   ] GC(2) Concurrent Scan Root Regions
[2019-10-17T13:52:07.149+0200][gc,marking   ] GC(2) Concurrent Scan Root Regions 0,822ms
[2019-10-17T13:52:07.149+0200][gc,marking   ] GC(2) Concurrent Mark (1,098s)
[2019-10-17T13:52:07.149+0200][gc,marking   ] GC(2) Concurrent Mark From Roots
[2019-10-17T13:52:07.149+0200][gc,task      ] GC(2) Using 2 workers of 2 for marking
[2019-10-17T13:52:07.155+0200][gc,marking   ] GC(2) Concurrent Mark From Roots 6,445ms
[2019-10-17T13:52:07.155+0200][gc,marking   ] GC(2) Concurrent Preclean
[2019-10-17T13:52:07.156+0200][gc,marking   ] GC(2) Concurrent Preclean 0,120ms
[2019-10-17T13:52:07.156+0200][gc,marking   ] GC(2) Concurrent Mark (1,098s, 1,104s) 6,601ms
[2019-10-17T13:52:07.156+0200][gc,start     ] GC(2) Pause Remark
[2019-10-17T13:52:07.158+0200][gc,stringtable] GC(2) Cleaned string and symbol table, strings: 4756 processed, 0 removed, symbols: 49731 processed, 52 removed
[2019-10-17T13:52:07.158+0200][gc            ] GC(2) Pause Remark 7M->7M(1024M) 2,373ms
[2019-10-17T13:52:07.158+0200][gc,cpu        ] GC(2) User=0,02s Sys=0,00s Real=0,01s
[2019-10-17T13:52:07.158+0200][gc,marking    ] GC(2) Concurrent Rebuild Remembered Sets
[2019-10-17T13:52:07.160+0200][gc,marking    ] GC(2) Concurrent Rebuild Remembered Sets 2,337ms
[2019-10-17T13:52:07.161+0200][gc,start      ] GC(2) Pause Cleanup
[2019-10-17T13:52:07.161+0200][gc            ] GC(2) Pause Cleanup 7M->7M(1024M) 0,198ms
[2019-10-17T13:52:07.161+0200][gc,cpu        ] GC(2) User=0,00s Sys=0,00s Real=0,00s
[2019-10-17T13:52:07.161+0200][gc,marking    ] GC(2) Concurrent Cleanup for Next Mark
[2019-10-17T13:52:07.164+0200][gc,marking    ] GC(2) Concurrent Cleanup for Next Mark 3,559ms
[2019-10-17T13:52:07.164+0200][gc            ] GC(2) Concurrent Cycle 16,372ms
[2019-10-17T13:52:07.857+0200][gc,start      ] GC(3) Pause Young (Normal) (G1 Evacuation Pause)
[2019-10-17T13:52:07.857+0200][gc,task       ] GC(3) Using 8 workers of 8 for evacuation
[2019-10-17T13:52:07.862+0200][gc,phases     ] GC(3)   Pre Evacuate Collection Set: 0,0ms
[2019-10-17T13:52:07.862+0200][gc,phases     ] GC(3)   Evacuate Collection Set: 4,0ms
[2019-10-17T13:52:07.862+0200][gc,phases     ] GC(3)   Post Evacuate Collection Set: 0,5ms
[2019-10-17T13:52:07.862+0200][gc,phases     ] GC(3)   Other: 0,1ms
[2019-10-17T13:52:07.862+0200][gc,heap       ] GC(3) Eden regions: 50->0(46)
[2019-10-17T13:52:07.862+0200][gc,heap       ] GC(3) Survivor regions: 1->5(7)
[2019-10-17T13:52:07.862+0200][gc,heap       ] GC(3) Old regions: 8->8
[2019-10-17T13:52:07.862+0200][gc,heap       ] GC(3) Humongous regions: 129->129
[2019-10-17T13:52:07.862+0200][gc,metaspace  ] GC(3) Metaspace: 29307K->29307K(1075200K)
[2019-10-17T13:52:07.862+0200][gc            ] GC(3) Pause Young (Normal) (G1 Evacuation Pause) 186M->140M(1024M) 4,658ms
[2019-10-17T13:52:07.862+0200][gc,cpu        ] GC(3) User=0,03s Sys=0,00s Real=0,00s
[2019-10-17T13:52:21.714+0200][gc,start      ] GC(4) Pause Young (Concurrent Start) (Metadata GC Threshold)
[2019-10-17T13:52:21.714+0200][gc,task       ] GC(4) Using 8 workers of 8 for evacuation
[2019-10-17T13:52:21.723+0200][gc,phases     ] GC(4)   Pre Evacuate Collection Set: 0,2ms
[2019-10-17T13:52:21.724+0200][gc,phases     ] GC(4)   Evacuate Collection Set: 8,4ms
[2019-10-17T13:52:21.724+0200][gc,phases     ] GC(4)   Post Evacuate Collection Set: 0,8ms
[2019-10-17T13:52:21.724+0200][gc,phases     ] GC(4)   Other: 0,3ms
[2019-10-17T13:52:21.724+0200][gc,heap       ] GC(4) Eden regions: 35->0(49)
[2019-10-17T13:52:21.724+0200][gc,heap       ] GC(4) Survivor regions: 5->2(7)
[2019-10-17T13:52:21.724+0200][gc,heap       ] GC(4) Old regions: 8->13
[2019-10-17T13:52:21.724+0200][gc,heap       ] GC(4) Humongous regions: 141->129
[2019-10-17T13:52:21.724+0200][gc,metaspace  ] GC(4) Metaspace: 33832K->33832K(1079296K)
[2019-10-17T13:52:21.724+0200][gc            ] GC(4) Pause Young (Concurrent Start) (Metadata GC Threshold) 186M->142M(1024M) 9,795ms
[2019-10-17T13:52:21.724+0200][gc,cpu        ] GC(4) User=0,05s Sys=0,00s Real=0,01s
[2019-10-17T13:52:21.724+0200][gc            ] GC(5) Concurrent Cycle
[2019-10-17T13:52:21.724+0200][gc,marking    ] GC(5) Concurrent Clear Claimed Marks
[2019-10-17T13:52:21.724+0200][gc,marking    ] GC(5) Concurrent Clear Claimed Marks 0,149ms
[2019-10-17T13:52:21.724+0200][gc,marking    ] GC(5) Concurrent Scan Root Regions
[2019-10-17T13:52:21.725+0200][gc,marking    ] GC(5) Concurrent Scan Root Regions 1,233ms
[2019-10-17T13:52:21.725+0200][gc,marking    ] GC(5) Concurrent Mark (15,674s)
[2019-10-17T13:52:21.725+0200][gc,marking    ] GC(5) Concurrent Mark From Roots
[2019-10-17T13:52:21.725+0200][gc,task       ] GC(5) Using 2 workers of 2 for marking
[2019-10-17T13:52:21.735+0200][gc,marking    ] GC(5) Concurrent Mark From Roots 10,146ms
[2019-10-17T13:52:21.735+0200][gc,marking    ] GC(5) Concurrent Preclean
[2019-10-17T13:52:21.735+0200][gc,marking    ] GC(5) Concurrent Preclean 0,129ms
[2019-10-17T13:52:21.735+0200][gc,marking    ] GC(5) Concurrent Mark (15,674s, 15,684s) 10,322ms
[2019-10-17T13:52:21.736+0200][gc,start      ] GC(5) Pause Remark
[2019-10-17T13:52:21.738+0200][gc,stringtable] GC(5) Cleaned string and symbol table, strings: 8657 processed, 9 removed, symbols: 72912 processed, 13 removed
[2019-10-17T13:52:21.738+0200][gc            ] GC(5) Pause Remark 142M->142M(1024M) 2,636ms
[2019-10-17T13:52:21.738+0200][gc,cpu        ] GC(5) User=0,02s Sys=0,00s Real=0,01s
[2019-10-17T13:52:21.738+0200][gc,marking    ] GC(5) Concurrent Rebuild Remembered Sets
[2019-10-17T13:52:21.744+0200][gc,marking    ] GC(5) Concurrent Rebuild Remembered Sets 5,514ms
[2019-10-17T13:52:21.744+0200][gc,start      ] GC(5) Pause Cleanup
[2019-10-17T13:52:21.744+0200][gc            ] GC(5) Pause Cleanup 142M->142M(1024M) 0,209ms
[2019-10-17T13:52:21.744+0200][gc,cpu        ] GC(5) User=0,00s Sys=0,00s Real=0,00s
[2019-10-17T13:52:21.744+0200][gc,marking    ] GC(5) Concurrent Cleanup for Next Mark
[2019-10-17T13:52:21.748+0200][gc,marking    ] GC(5) Concurrent Cleanup for Next Mark 4,079ms
[2019-10-17T13:52:21.748+0200][gc            ] GC(5) Concurrent Cycle 24,705ms
[2019-10-17T13:59:58.307+0200][gc,start      ] GC(6) Pause Young (Normal) (G1 Evacuation Pause)
[2019-10-17T13:59:58.307+0200][gc,task       ] GC(6) Using 8 workers of 8 for evacuation
[2019-10-17T13:59:58.315+0200][gc,phases     ] GC(6)   Pre Evacuate Collection Set: 0,0ms
[2019-10-17T13:59:58.315+0200][gc,phases     ] GC(6)   Evacuate Collection Set: 7,0ms
[2019-10-17T13:59:58.315+0200][gc,phases     ] GC(6)   Post Evacuate Collection Set: 0,7ms
[2019-10-17T13:59:58.315+0200][gc,phases     ] GC(6)   Other: 0,4ms
[2019-10-17T13:59:58.315+0200][gc,heap       ] GC(6) Eden regions: 49->0(47)
[2019-10-17T13:59:58.315+0200][gc,heap       ] GC(6) Survivor regions: 2->4(7)
[2019-10-17T13:59:58.315+0200][gc,heap       ] GC(6) Old regions: 13->13
[2019-10-17T13:59:58.315+0200][gc,heap       ] GC(6) Humongous regions: 129->129
[2019-10-17T13:59:58.315+0200][gc,metaspace  ] GC(6) Metaspace: 35530K->35530K(1081344K)
[2019-10-17T13:59:58.315+0200][gc            ] GC(6) Pause Young (Normal) (G1 Evacuation Pause) 191M->144M(1024M) 8,125ms
[2019-10-17T13:59:58.315+0200][gc,cpu        ] GC(6) User=0,05s Sys=0,00s Real=0,00s
[2019-10-17T14:08:18.551+0200][gc,start      ] GC(7) Pause Young (Normal) (G1 Evacuation Pause)
[2019-10-17T14:08:18.552+0200][gc,task       ] GC(7) Using 8 workers of 8 for evacuation
[2019-10-17T14:08:18.560+0200][gc,phases     ] GC(7)   Pre Evacuate Collection Set: 0,0ms
[2019-10-17T14:08:18.560+0200][gc,phases     ] GC(7)   Evacuate Collection Set: 7,1ms
[2019-10-17T14:08:18.560+0200][gc,phases     ] GC(7)   Post Evacuate Collection Set: 0,6ms
[2019-10-17T14:08:18.560+0200][gc,phases     ] GC(7)   Other: 0,3ms
[2019-10-17T14:08:18.560+0200][gc,heap       ] GC(7) Eden regions: 47->0(48)
[2019-10-17T14:08:18.560+0200][gc,heap       ] GC(7) Survivor regions: 4->3(7)
[2019-10-17T14:08:18.560+0200][gc,heap       ] GC(7) Old regions: 13->14
[2019-10-17T14:08:18.560+0200][gc,heap       ] GC(7) Humongous regions: 129->129
[2019-10-17T14:08:18.560+0200][gc,metaspace  ] GC(7) Metaspace: 35744K->35744K(1081344K)
[2019-10-17T14:08:18.560+0200][gc            ] GC(7) Pause Young (Normal) (G1 Evacuation Pause) 191M->144M(1024M) 8,199ms
[2019-10-17T14:08:18.560+0200][gc,cpu        ] GC(7) User=0,05s Sys=0,00s Real=0,01s
[2019-10-17T14:17:23.225+0200][gc,start      ] GC(8) Pause Young (Normal) (G1 Evacuation Pause)
[2019-10-17T14:17:23.225+0200][gc,task       ] GC(8) Using 8 workers of 8 for evacuation
[2019-10-17T14:17:23.232+0200][gc,phases     ] GC(8)   Pre Evacuate Collection Set: 0,0ms
[2019-10-17T14:17:23.232+0200][gc,phases     ] GC(8)   Evacuate Collection Set: 5,7ms
[2019-10-17T14:17:23.232+0200][gc,phases     ] GC(8)   Post Evacuate Collection Set: 0,5ms
[2019-10-17T14:17:23.232+0200][gc,phases     ] GC(8)   Other: 0,3ms
[2019-10-17T14:17:23.232+0200][gc,heap       ] GC(8) Eden regions: 48->0(47)
[2019-10-17T14:17:23.232+0200][gc,heap       ] GC(8) Survivor regions: 3->4(7)
[2019-10-17T14:17:23.232+0200][gc,heap       ] GC(8) Old regions: 14->14
[2019-10-17T14:17:23.232+0200][gc,heap       ] GC(8) Humongous regions: 129->129
[2019-10-17T14:17:23.232+0200][gc,metaspace  ] GC(8) Metaspace: 35801K->35801K(1081344K)
[2019-10-17T14:17:23.232+0200][gc            ] GC(8) Pause Young (Normal) (G1 Evacuation Pause) 192M->144M(1024M) 6,677ms
[2019-10-17T14:17:23.232+0200][gc,cpu        ] GC(8) User=0,04s Sys=0,00s Real=0,00s
[2019-10-17T14:31:09.423+0200][gc,start      ] GC(9) Pause Young (Normal) (G1 Evacuation Pause)
[2019-10-17T14:31:09.423+0200][gc,task       ] GC(9) Using 8 workers of 8 for evacuation
[2019-10-17T14:31:09.427+0200][gc,phases     ] GC(9)   Pre Evacuate Collection Set: 0,0ms
[2019-10-17T14:31:09.427+0200][gc,phases     ] GC(9)   Evacuate Collection Set: 2,9ms
[2019-10-17T14:31:09.427+0200][gc,phases     ] GC(9)   Post Evacuate Collection Set: 1,1ms
[2019-10-17T14:31:09.427+0200][gc,phases     ] GC(9)   Other: 0,2ms
[2019-10-17T14:31:09.427+0200][gc,heap       ] GC(9) Eden regions: 47->0(50)
[2019-10-17T14:31:09.427+0200][gc,heap       ] GC(9) Survivor regions: 4->3(7)
[2019-10-17T14:31:09.427+0200][gc,heap       ] GC(9) Old regions: 14->14
[2019-10-17T14:31:09.427+0200][gc,heap       ] GC(9) Humongous regions: 129->129
[2019-10-17T14:31:09.427+0200][gc,metaspace  ] GC(9) Metaspace: 35842K->35842K(1081344K)
[2019-10-17T14:31:09.427+0200][gc            ] GC(9) Pause Young (Normal) (G1 Evacuation Pause) 191M->144M(1024M) 4,278ms
[2019-10-17T14:31:09.427+0200][gc,cpu        ] GC(9) User=0,02s Sys=0,00s Real=0,00s
[2019-10-17T14:40:54.485+0200][gc,start      ] GC(10) Pause Young (Normal) (G1 Evacuation Pause)
[2019-10-17T14:40:54.485+0200][gc,task       ] GC(10) Using 8 workers of 8 for evacuation
[2019-10-17T14:40:54.491+0200][gc,phases     ] GC(10)   Pre Evacuate Collection Set: 0,0ms
[2019-10-17T14:40:54.491+0200][gc,phases     ] GC(10)   Evacuate Collection Set: 5,4ms
[2019-10-17T14:40:54.491+0200][gc,phases     ] GC(10)   Post Evacuate Collection Set: 0,5ms
[2019-10-17T14:40:54.491+0200][gc,phases     ] GC(10)   Other: 0,4ms
[2019-10-17T14:40:54.491+0200][gc,heap       ] GC(10) Eden regions: 50->0(58)
[2019-10-17T14:40:54.491+0200][gc,heap       ] GC(10) Survivor regions: 3->4(7)
[2019-10-17T14:40:54.491+0200][gc,heap       ] GC(10) Old regions: 14->14
[2019-10-17T14:40:54.491+0200][gc,heap       ] GC(10) Humongous regions: 129->129
[2019-10-17T14:40:54.491+0200][gc,metaspace  ] GC(10) Metaspace: 35891K->35891K(1081344K)
[2019-10-17T14:40:54.491+0200][gc            ] GC(10) Pause Young (Normal) (G1 Evacuation Pause) 194M->144M(1024M) 6,357ms
[2019-10-17T14:40:54.491+0200][gc,cpu        ] GC(10) User=0,03s Sys=0,01s Real=0,01s
[2019-10-17T14:52:15.005+0200][gc,start      ] GC(11) Pause Young (Normal) (G1 Evacuation Pause)
[2019-10-17T14:52:15.005+0200][gc,task       ] GC(11) Using 8 workers of 8 for evacuation
[2019-10-17T14:52:15.011+0200][gc,phases     ] GC(11)   Pre Evacuate Collection Set: 0,0ms
[2019-10-17T14:52:15.011+0200][gc,phases     ] GC(11)   Evacuate Collection Set: 5,6ms
[2019-10-17T14:52:15.011+0200][gc,phases     ] GC(11)   Post Evacuate Collection Set: 0,6ms
[2019-10-17T14:52:15.011+0200][gc,phases     ] GC(11)   Other: 0,5ms
[2019-10-17T14:52:15.011+0200][gc,heap       ] GC(11) Eden regions: 58->0(320)
[2019-10-17T14:52:15.011+0200][gc,heap       ] GC(11) Survivor regions: 4->4(8)
[2019-10-17T14:52:15.011+0200][gc,heap       ] GC(11) Old regions: 14->14
[2019-10-17T14:52:15.011+0200][gc,heap       ] GC(11) Humongous regions: 129->129
[2019-10-17T14:52:15.011+0200][gc,metaspace  ] GC(11) Metaspace: 35918K->35918K(1081344K)
[2019-10-17T14:52:15.011+0200][gc            ] GC(11) Pause Young (Normal) (G1 Evacuation Pause) 202M->144M(1024M) 6,699ms
[2019-10-17T14:52:15.011+0200][gc,cpu        ] GC(11) User=0,04s Sys=0,01s Real=0,01s
[2019-10-17T23:28:18.405+0200][gc,start      ] GC(12) Pause Young (Normal) (G1 Evacuation Pause)
[2019-10-17T23:28:18.405+0200][gc,task       ] GC(12) Using 8 workers of 8 for evacuation
[2019-10-17T23:28:18.413+0200][gc,phases     ] GC(12)   Pre Evacuate Collection Set: 0,0ms
[2019-10-17T23:28:18.413+0200][gc,phases     ] GC(12)   Evacuate Collection Set: 7,0ms
[2019-10-17T23:28:18.413+0200][gc,phases     ] GC(12)   Post Evacuate Collection Set: 0,7ms
[2019-10-17T23:28:18.413+0200][gc,phases     ] GC(12)   Other: 0,5ms
[2019-10-17T23:28:18.413+0200][gc,heap       ] GC(12) Eden regions: 320->0(382)
[2019-10-17T23:28:18.413+0200][gc,heap       ] GC(12) Survivor regions: 4->5(41)
[2019-10-17T23:28:18.413+0200][gc,heap       ] GC(12) Old regions: 14->14
[2019-10-17T23:28:18.413+0200][gc,heap       ] GC(12) Humongous regions: 129->129
[2019-10-17T23:28:18.413+0200][gc,metaspace  ] GC(12) Metaspace: 36234K->36234K(1081344K)
[2019-10-17T23:28:18.413+0200][gc            ] GC(12) Pause Young (Normal) (G1 Evacuation Pause) 464M->146M(1024M) 8,200ms
[2019-10-17T23:28:18.413+0200][gc,cpu        ] GC(12) User=0,06s Sys=0,00s Real=0,00s
[2019-10-18T11:12:43.426+0200][gc,start      ] GC(13) Pause Young (Normal) (G1 Evacuation Pause)
[2019-10-18T11:12:43.426+0200][gc,task       ] GC(13) Using 8 workers of 8 for evacuation
[2019-10-18T11:12:43.450+0200][gc,mmu        ] GC(13) MMU target violated: 21,0ms (20,0ms/21,0ms)
[2019-10-18T11:12:43.450+0200][gc,phases     ] GC(13)   Pre Evacuate Collection Set: 0,1ms
[2019-10-18T11:12:43.450+0200][gc,phases     ] GC(13)   Evacuate Collection Set: 21,9ms
[2019-10-18T11:12:43.450+0200][gc,phases     ] GC(13)   Post Evacuate Collection Set: 1,8ms
[2019-10-18T11:12:43.450+0200][gc,phases     ] GC(13)   Other: 0,6ms
[2019-10-18T11:12:43.450+0200][gc,heap       ] GC(13) Eden regions: 382->0(383)
[2019-10-18T11:12:43.450+0200][gc,heap       ] GC(13) Survivor regions: 5->5(49)
[2019-10-18T11:12:43.450+0200][gc,heap       ] GC(13) Old regions: 14->14
[2019-10-18T11:12:43.450+0200][gc,heap       ] GC(13) Humongous regions: 129->129
[2019-10-18T11:12:43.450+0200][gc,metaspace  ] GC(13) Metaspace: 36342K->36342K(1081344K)
[2019-10-18T11:12:43.450+0200][gc            ] GC(13) Pause Young (Normal) (G1 Evacuation Pause) 528M->146M(1024M) 24,309ms
[2019-10-18T11:12:43.450+0200][gc,cpu        ] GC(13) User=0,14s Sys=0,00s Real=0,03s
