[2019-10-17T13:10:41.602+0200][gc,heap] Heap region size: 1M
[2019-10-17T13:10:41.610+0200][gc     ] Using G1
[2019-10-17T13:10:41.610+0200][gc,heap,coops] Heap address: 0x00000000c0000000, size: 1024 MB, Compressed Oops mode: 32-bit
[2019-10-17T13:10:41.611+0200][gc,cds       ] Mark closed archive regions in map: [0x00000000fff00000, 0x00000000fff69ff8]
[2019-10-17T13:10:41.611+0200][gc,cds       ] Mark open archive regions in map: [0x00000000ffe00000, 0x00000000ffe33ff8]
[2019-10-17T13:10:42.435+0200][gc,start     ] GC(0) Pause Young (Normal) (G1 Evacuation Pause)
[2019-10-17T13:10:42.436+0200][gc,task      ] GC(0) Using 8 workers of 8 for evacuation
[2019-10-17T13:10:42.445+0200][gc,phases    ] GC(0)   Pre Evacuate Collection Set: 0,0ms
[2019-10-17T13:10:42.445+0200][gc,phases    ] GC(0)   Evacuate Collection Set: 8,0ms
[2019-10-17T13:10:42.445+0200][gc,phases    ] GC(0)   Post Evacuate Collection Set: 0,5ms
[2019-10-17T13:10:42.445+0200][gc,phases    ] GC(0)   Other: 1,3ms
[2019-10-17T13:10:42.445+0200][gc,heap      ] GC(0) Eden regions: 51->0(44)
[2019-10-17T13:10:42.445+0200][gc,heap      ] GC(0) Survivor regions: 0->7(7)
[2019-10-17T13:10:42.445+0200][gc,heap      ] GC(0) Old regions: 2->2
[2019-10-17T13:10:42.445+0200][gc,heap      ] GC(0) Humongous regions: 0->0
[2019-10-17T13:10:42.445+0200][gc,metaspace ] GC(0) Metaspace: 16729K->16729K(1064960K)
[2019-10-17T13:10:42.445+0200][gc           ] GC(0) Pause Young (Normal) (G1 Evacuation Pause) 51M->6M(1024M) 9,860ms
[2019-10-17T13:10:42.445+0200][gc,cpu       ] GC(0) User=0,04s Sys=0,02s Real=0,02s
[2019-10-17T13:10:42.662+0200][gc,start     ] GC(1) Pause Young (Concurrent Start) (Metadata GC Threshold)
[2019-10-17T13:10:42.662+0200][gc,task      ] GC(1) Using 8 workers of 8 for evacuation
[2019-10-17T13:10:42.668+0200][gc,phases    ] GC(1)   Pre Evacuate Collection Set: 0,0ms
[2019-10-17T13:10:42.668+0200][gc,phases    ] GC(1)   Evacuate Collection Set: 5,3ms
[2019-10-17T13:10:42.668+0200][gc,phases    ] GC(1)   Post Evacuate Collection Set: 0,3ms
[2019-10-17T13:10:42.668+0200][gc,phases    ] GC(1)   Other: 0,2ms
[2019-10-17T13:10:42.668+0200][gc,heap      ] GC(1) Eden regions: 16->0(49)
[2019-10-17T13:10:42.668+0200][gc,heap      ] GC(1) Survivor regions: 7->2(7)
[2019-10-17T13:10:42.668+0200][gc,heap      ] GC(1) Old regions: 2->8
[2019-10-17T13:10:42.668+0200][gc,heap      ] GC(1) Humongous regions: 129->129
[2019-10-17T13:10:42.668+0200][gc,metaspace ] GC(1) Metaspace: 20536K->20536K(1067008K)
[2019-10-17T13:10:42.668+0200][gc           ] GC(1) Pause Young (Concurrent Start) (Metadata GC Threshold) 151M->137M(1024M) 5,904ms
[2019-10-17T13:10:42.668+0200][gc,cpu       ] GC(1) User=0,03s Sys=0,00s Real=0,01s
[2019-10-17T13:10:42.668+0200][gc           ] GC(2) Concurrent Cycle
[2019-10-17T13:10:42.668+0200][gc,marking   ] GC(2) Concurrent Clear Claimed Marks
[2019-10-17T13:10:42.668+0200][gc,marking   ] GC(2) Concurrent Clear Claimed Marks 0,020ms
[2019-10-17T13:10:42.668+0200][gc,marking   ] GC(2) Concurrent Scan Root Regions
[2019-10-17T13:10:42.668+0200][gc,marking   ] GC(2) Concurrent Scan Root Regions 0,628ms
[2019-10-17T13:10:42.668+0200][gc,marking   ] GC(2) Concurrent Mark (1,069s)
[2019-10-17T13:10:42.668+0200][gc,marking   ] GC(2) Concurrent Mark From Roots
[2019-10-17T13:10:42.668+0200][gc,task      ] GC(2) Using 2 workers of 2 for marking
[2019-10-17T13:10:42.672+0200][gc,marking   ] GC(2) Concurrent Mark From Roots 3,775ms
[2019-10-17T13:10:42.672+0200][gc,marking   ] GC(2) Concurrent Preclean
[2019-10-17T13:10:42.672+0200][gc,marking   ] GC(2) Concurrent Preclean 0,086ms
[2019-10-17T13:10:42.672+0200][gc,marking   ] GC(2) Concurrent Mark (1,069s, 1,073s) 3,886ms
[2019-10-17T13:10:42.672+0200][gc,start     ] GC(2) Pause Remark
[2019-10-17T13:10:42.674+0200][gc,stringtable] GC(2) Cleaned string and symbol table, strings: 4838 processed, 0 removed, symbols: 50393 processed, 44 removed
[2019-10-17T13:10:42.674+0200][gc            ] GC(2) Pause Remark 138M->138M(1024M) 2,028ms
[2019-10-17T13:10:42.674+0200][gc,cpu        ] GC(2) User=0,02s Sys=0,00s Real=0,00s
[2019-10-17T13:10:42.675+0200][gc,marking    ] GC(2) Concurrent Rebuild Remembered Sets
[2019-10-17T13:10:42.677+0200][gc,marking    ] GC(2) Concurrent Rebuild Remembered Sets 2,075ms
[2019-10-17T13:10:42.677+0200][gc,start      ] GC(2) Pause Cleanup
[2019-10-17T13:10:42.677+0200][gc            ] GC(2) Pause Cleanup 138M->138M(1024M) 0,200ms
[2019-10-17T13:10:42.677+0200][gc,cpu        ] GC(2) User=0,00s Sys=0,00s Real=0,00s
[2019-10-17T13:10:42.677+0200][gc,marking    ] GC(2) Concurrent Cleanup for Next Mark
[2019-10-17T13:10:42.680+0200][gc,marking    ] GC(2) Concurrent Cleanup for Next Mark 3,038ms
[2019-10-17T13:10:42.680+0200][gc            ] GC(2) Concurrent Cycle 12,346ms
[2019-10-17T13:10:50.692+0200][gc,start      ] GC(3) Pause Young (Normal) (G1 Evacuation Pause)
[2019-10-17T13:10:50.692+0200][gc,task       ] GC(3) Using 8 workers of 8 for evacuation
[2019-10-17T13:10:50.700+0200][gc,phases     ] GC(3)   Pre Evacuate Collection Set: 0,1ms
[2019-10-17T13:10:50.700+0200][gc,phases     ] GC(3)   Evacuate Collection Set: 7,1ms
[2019-10-17T13:10:50.700+0200][gc,phases     ] GC(3)   Post Evacuate Collection Set: 0,7ms
[2019-10-17T13:10:50.700+0200][gc,phases     ] GC(3)   Other: 0,3ms
[2019-10-17T13:10:50.700+0200][gc,heap       ] GC(3) Eden regions: 49->0(45)
[2019-10-17T13:10:50.700+0200][gc,heap       ] GC(3) Survivor regions: 2->6(7)
[2019-10-17T13:10:50.700+0200][gc,heap       ] GC(3) Old regions: 8->8
[2019-10-17T13:10:50.700+0200][gc,heap       ] GC(3) Humongous regions: 129->129
[2019-10-17T13:10:50.700+0200][gc,metaspace  ] GC(3) Metaspace: 30074K->30074K(1077248K)
[2019-10-17T13:10:50.700+0200][gc            ] GC(3) Pause Young (Normal) (G1 Evacuation Pause) 186M->140M(1024M) 8,127ms
[2019-10-17T13:10:50.700+0200][gc,cpu        ] GC(3) User=0,04s Sys=0,00s Real=0,01s
[2019-10-17T13:10:51.604+0200][gc,start      ] GC(4) Pause Young (Concurrent Start) (Metadata GC Threshold)
[2019-10-17T13:10:51.604+0200][gc,task       ] GC(4) Using 8 workers of 8 for evacuation
[2019-10-17T13:10:51.618+0200][gc,phases     ] GC(4)   Pre Evacuate Collection Set: 0,1ms
[2019-10-17T13:10:51.618+0200][gc,phases     ] GC(4)   Evacuate Collection Set: 13,1ms
[2019-10-17T13:10:51.618+0200][gc,phases     ] GC(4)   Post Evacuate Collection Set: 0,7ms
[2019-10-17T13:10:51.618+0200][gc,phases     ] GC(4)   Other: 0,2ms
[2019-10-17T13:10:51.618+0200][gc,heap       ] GC(4) Eden regions: 32->0(49)
[2019-10-17T13:10:51.618+0200][gc,heap       ] GC(4) Survivor regions: 6->2(7)
[2019-10-17T13:10:51.618+0200][gc,heap       ] GC(4) Old regions: 8->13
[2019-10-17T13:10:51.618+0200][gc,heap       ] GC(4) Humongous regions: 129->129
[2019-10-17T13:10:51.618+0200][gc,metaspace  ] GC(4) Metaspace: 33799K->33799K(1079296K)
[2019-10-17T13:10:51.618+0200][gc            ] GC(4) Pause Young (Concurrent Start) (Metadata GC Threshold) 172M->142M(1024M) 14,203ms
[2019-10-17T13:10:51.618+0200][gc,cpu        ] GC(4) User=0,10s Sys=0,00s Real=0,01s
[2019-10-17T13:10:51.618+0200][gc            ] GC(5) Concurrent Cycle
[2019-10-17T13:10:51.618+0200][gc,marking    ] GC(5) Concurrent Clear Claimed Marks
[2019-10-17T13:10:51.619+0200][gc,marking    ] GC(5) Concurrent Clear Claimed Marks 0,140ms
[2019-10-17T13:10:51.619+0200][gc,marking    ] GC(5) Concurrent Scan Root Regions
[2019-10-17T13:10:51.620+0200][gc,marking    ] GC(5) Concurrent Scan Root Regions 1,091ms
[2019-10-17T13:10:51.620+0200][gc,marking    ] GC(5) Concurrent Mark (10,020s)
[2019-10-17T13:10:51.620+0200][gc,marking    ] GC(5) Concurrent Mark From Roots
[2019-10-17T13:10:51.620+0200][gc,task       ] GC(5) Using 2 workers of 2 for marking
[2019-10-17T13:10:51.633+0200][gc,marking    ] GC(5) Concurrent Mark From Roots 13,648ms
[2019-10-17T13:10:51.633+0200][gc,marking    ] GC(5) Concurrent Preclean
[2019-10-17T13:10:51.634+0200][gc,marking    ] GC(5) Concurrent Preclean 0,111ms
[2019-10-17T13:10:51.634+0200][gc,marking    ] GC(5) Concurrent Mark (10,020s, 10,034s) 13,802ms
[2019-10-17T13:10:51.634+0200][gc,start      ] GC(5) Pause Remark
[2019-10-17T13:10:51.642+0200][gc,stringtable] GC(5) Cleaned string and symbol table, strings: 10427 processed, 9 removed, symbols: 75038 processed, 18 removed
[2019-10-17T13:10:51.642+0200][gc            ] GC(5) Pause Remark 142M->142M(1024M) 8,375ms
[2019-10-17T13:10:51.642+0200][gc,cpu        ] GC(5) User=0,05s Sys=0,00s Real=0,01s
[2019-10-17T13:10:51.642+0200][gc,marking    ] GC(5) Concurrent Rebuild Remembered Sets
[2019-10-17T13:10:51.648+0200][gc,marking    ] GC(5) Concurrent Rebuild Remembered Sets 5,566ms
[2019-10-17T13:10:51.648+0200][gc,start      ] GC(5) Pause Cleanup
[2019-10-17T13:10:51.648+0200][gc            ] GC(5) Pause Cleanup 142M->142M(1024M) 0,170ms
[2019-10-17T13:10:51.648+0200][gc,cpu        ] GC(5) User=0,00s Sys=0,01s Real=0,00s
[2019-10-17T13:10:51.648+0200][gc,marking    ] GC(5) Concurrent Cleanup for Next Mark
[2019-10-17T13:10:51.652+0200][gc,marking    ] GC(5) Concurrent Cleanup for Next Mark 3,829ms
[2019-10-17T13:10:51.652+0200][gc            ] GC(5) Concurrent Cycle 33,391ms
[2019-10-17T13:23:05.818+0200][gc,start      ] GC(6) Pause Young (Normal) (G1 Evacuation Pause)
[2019-10-17T13:23:05.818+0200][gc,task       ] GC(6) Using 8 workers of 8 for evacuation
[2019-10-17T13:23:05.825+0200][gc,phases     ] GC(6)   Pre Evacuate Collection Set: 0,0ms
[2019-10-17T13:23:05.825+0200][gc,phases     ] GC(6)   Evacuate Collection Set: 6,1ms
[2019-10-17T13:23:05.825+0200][gc,phases     ] GC(6)   Post Evacuate Collection Set: 0,7ms
[2019-10-17T13:23:05.825+0200][gc,phases     ] GC(6)   Other: 0,4ms
[2019-10-17T13:23:05.825+0200][gc,heap       ] GC(6) Eden regions: 49->0(47)
[2019-10-17T13:23:05.825+0200][gc,heap       ] GC(6) Survivor regions: 2->4(7)
[2019-10-17T13:23:05.825+0200][gc,heap       ] GC(6) Old regions: 13->13
[2019-10-17T13:23:05.825+0200][gc,heap       ] GC(6) Humongous regions: 129->129
[2019-10-17T13:23:05.825+0200][gc,metaspace  ] GC(6) Metaspace: 35700K->35700K(1081344K)
[2019-10-17T13:23:05.825+0200][gc            ] GC(6) Pause Young (Normal) (G1 Evacuation Pause) 191M->144M(1024M) 7,266ms
[2019-10-17T13:23:05.825+0200][gc,cpu        ] GC(6) User=0,05s Sys=0,00s Real=0,01s
[2019-10-17T13:42:48.172+0200][gc,start      ] GC(7) Pause Young (Normal) (G1 Evacuation Pause)
[2019-10-17T13:42:48.172+0200][gc,task       ] GC(7) Using 8 workers of 8 for evacuation
[2019-10-17T13:42:48.176+0200][gc,phases     ] GC(7)   Pre Evacuate Collection Set: 0,0ms
[2019-10-17T13:42:48.176+0200][gc,phases     ] GC(7)   Evacuate Collection Set: 3,4ms
[2019-10-17T13:42:48.176+0200][gc,phases     ] GC(7)   Post Evacuate Collection Set: 0,9ms
[2019-10-17T13:42:48.176+0200][gc,phases     ] GC(7)   Other: 0,2ms
[2019-10-17T13:42:48.176+0200][gc,heap       ] GC(7) Eden regions: 47->0(47)
[2019-10-17T13:42:48.176+0200][gc,heap       ] GC(7) Survivor regions: 4->4(7)
[2019-10-17T13:42:48.176+0200][gc,heap       ] GC(7) Old regions: 13->13
[2019-10-17T13:42:48.176+0200][gc,heap       ] GC(7) Humongous regions: 129->129
[2019-10-17T13:42:48.176+0200][gc,metaspace  ] GC(7) Metaspace: 36053K->36053K(1081344K)
[2019-10-17T13:42:48.176+0200][gc            ] GC(7) Pause Young (Normal) (G1 Evacuation Pause) 191M->144M(1024M) 4,599ms
[2019-10-17T13:42:48.177+0200][gc,cpu        ] GC(7) User=0,01s Sys=0,01s Real=0,01s
[2019-10-17T13:42:52.452+0200][gc,heap,exit  ] Heap
[2019-10-17T13:42:52.452+0200][gc,heap,exit  ]  garbage-first heap   total 1048576K, used 154765K [0x00000000c0000000, 0x0000000100000000)
[2019-10-17T13:42:52.452+0200][gc,heap,exit  ]   region size 1024K, 12 young (12288K), 4 survivors (4096K)
[2019-10-17T13:42:52.452+0200][gc,heap,exit  ]  Metaspace       used 36555K, capacity 39101K, committed 39344K, reserved 1081344K
[2019-10-17T13:42:52.453+0200][gc,heap,exit  ]   class space    used 5374K, capacity 6609K, committed 6656K, reserved 1048576K
