[2019-11-18T10:34:14.263+0100][gc,heap] Heap region size: 1M
[2019-11-18T10:34:14.270+0100][gc     ] Using G1
[2019-11-18T10:34:14.271+0100][gc,heap,coops] Heap address: 0x00000000c0000000, size: 1024 MB, Compressed Oops mode: 32-bit
[2019-11-18T10:34:14.291+0100][gc           ] Periodic GC disabled
[2019-11-18T10:34:15.069+0100][gc,start     ] GC(0) Pause Young (Concurrent Start) (Metadata GC Threshold)
[2019-11-18T10:34:15.070+0100][gc,task      ] GC(0) Using 8 workers of 8 for evacuation
[2019-11-18T10:34:15.077+0100][gc,phases    ] GC(0)   Pre Evacuate Collection Set: 0,1ms
[2019-11-18T10:34:15.077+0100][gc,phases    ] GC(0)   Evacuate Collection Set: 6,1ms
[2019-11-18T10:34:15.077+0100][gc,phases    ] GC(0)   Post Evacuate Collection Set: 0,5ms
[2019-11-18T10:34:15.077+0100][gc,phases    ] GC(0)   Other: 1,7ms
[2019-11-18T10:34:15.077+0100][gc,heap      ] GC(0) Eden regions: 35->0(44)
[2019-11-18T10:34:15.077+0100][gc,heap      ] GC(0) Survivor regions: 0->7(7)
[2019-11-18T10:34:15.077+0100][gc,heap      ] GC(0) Old regions: 0->0
[2019-11-18T10:34:15.077+0100][gc,heap      ] GC(0) Archive regions: 0->0
[2019-11-18T10:34:15.077+0100][gc,heap      ] GC(0) Humongous regions: 0->0
[2019-11-18T10:34:15.077+0100][gc,metaspace ] GC(0) Metaspace: 20742K->20742K(1069056K)
[2019-11-18T10:34:15.077+0100][gc           ] GC(0) Pause Young (Concurrent Start) (Metadata GC Threshold) 35M->6M(1024M) 8,516ms
[2019-11-18T10:34:15.077+0100][gc,cpu       ] GC(0) User=0,02s Sys=0,00s Real=0,00s
[2019-11-18T10:34:15.077+0100][gc           ] GC(1) Concurrent Cycle
[2019-11-18T10:34:15.077+0100][gc,marking   ] GC(1) Concurrent Clear Claimed Marks
[2019-11-18T10:34:15.077+0100][gc,marking   ] GC(1) Concurrent Clear Claimed Marks 0,013ms
[2019-11-18T10:34:15.077+0100][gc,marking   ] GC(1) Concurrent Scan Root Regions
[2019-11-18T10:34:15.079+0100][gc,marking   ] GC(1) Concurrent Scan Root Regions 1,791ms
[2019-11-18T10:34:15.079+0100][gc,marking   ] GC(1) Concurrent Mark (0,819s)
[2019-11-18T10:34:15.079+0100][gc,marking   ] GC(1) Concurrent Mark From Roots
[2019-11-18T10:34:15.079+0100][gc,task      ] GC(1) Using 2 workers of 2 for marking
[2019-11-18T10:34:15.080+0100][gc,marking   ] GC(1) Concurrent Mark From Roots 0,496ms
[2019-11-18T10:34:15.080+0100][gc,marking   ] GC(1) Concurrent Preclean
[2019-11-18T10:34:15.080+0100][gc,marking   ] GC(1) Concurrent Preclean 0,101ms
[2019-11-18T10:34:15.080+0100][gc,marking   ] GC(1) Concurrent Mark (0,819s, 0,819s) 0,625ms
[2019-11-18T10:34:15.080+0100][gc,start     ] GC(1) Pause Remark
[2019-11-18T10:34:15.081+0100][gc,stringtable] GC(1) Cleaned string table, strings: 7378 processed, 0 removed
[2019-11-18T10:34:15.081+0100][gc            ] GC(1) Pause Remark 6M->6M(1024M) 1,643ms
[2019-11-18T10:34:15.082+0100][gc,cpu        ] GC(1) User=0,00s Sys=0,00s Real=0,00s
[2019-11-18T10:34:15.082+0100][gc,marking    ] GC(1) Concurrent Rebuild Remembered Sets
[2019-11-18T10:34:15.082+0100][gc,marking    ] GC(1) Concurrent Rebuild Remembered Sets 0,122ms
[2019-11-18T10:34:15.082+0100][gc,start      ] GC(1) Pause Cleanup
[2019-11-18T10:34:15.082+0100][gc            ] GC(1) Pause Cleanup 6M->6M(1024M) 0,219ms
[2019-11-18T10:34:15.083+0100][gc,cpu        ] GC(1) User=0,00s Sys=0,00s Real=0,00s
[2019-11-18T10:34:15.083+0100][gc,marking    ] GC(1) Concurrent Cleanup for Next Mark
[2019-11-18T10:34:15.089+0100][gc,marking    ] GC(1) Concurrent Cleanup for Next Mark 6,028ms
[2019-11-18T10:34:15.089+0100][gc            ] GC(1) Concurrent Cycle 11,440ms
[2019-11-18T10:34:15.725+0100][gc,start      ] GC(2) Pause Young (Normal) (G1 Evacuation Pause)
[2019-11-18T10:34:15.725+0100][gc,task       ] GC(2) Using 8 workers of 8 for evacuation
[2019-11-18T10:34:15.732+0100][gc,phases     ] GC(2)   Pre Evacuate Collection Set: 0,0ms
[2019-11-18T10:34:15.732+0100][gc,phases     ] GC(2)   Evacuate Collection Set: 5,4ms
[2019-11-18T10:34:15.732+0100][gc,phases     ] GC(2)   Post Evacuate Collection Set: 0,7ms
[2019-11-18T10:34:15.732+0100][gc,phases     ] GC(2)   Other: 0,1ms
[2019-11-18T10:34:15.732+0100][gc,heap       ] GC(2) Eden regions: 44->0(47)
[2019-11-18T10:34:15.732+0100][gc,heap       ] GC(2) Survivor regions: 7->4(7)
[2019-11-18T10:34:15.732+0100][gc,heap       ] GC(2) Old regions: 0->6
[2019-11-18T10:34:15.732+0100][gc,heap       ] GC(2) Archive regions: 0->0
[2019-11-18T10:34:15.732+0100][gc,heap       ] GC(2) Humongous regions: 129->129
[2019-11-18T10:34:15.732+0100][gc,metaspace  ] GC(2) Metaspace: 30047K->30047K(1077248K)
[2019-11-18T10:34:15.732+0100][gc            ] GC(2) Pause Young (Normal) (G1 Evacuation Pause) 179M->137M(1024M) 6,321ms
[2019-11-18T10:34:15.732+0100][gc,cpu        ] GC(2) User=0,04s Sys=0,00s Real=0,01s
[2019-11-18T10:34:15.979+0100][gc,start      ] GC(3) Pause Young (Concurrent Start) (Metadata GC Threshold)
[2019-11-18T10:34:15.979+0100][gc,task       ] GC(3) Using 8 workers of 8 for evacuation
[2019-11-18T10:34:15.982+0100][gc,phases     ] GC(3)   Pre Evacuate Collection Set: 0,1ms
[2019-11-18T10:34:15.982+0100][gc,phases     ] GC(3)   Evacuate Collection Set: 2,7ms
[2019-11-18T10:34:15.982+0100][gc,phases     ] GC(3)   Post Evacuate Collection Set: 0,5ms
[2019-11-18T10:34:15.982+0100][gc,phases     ] GC(3)   Other: 0,2ms
[2019-11-18T10:34:15.982+0100][gc,heap       ] GC(3) Eden regions: 23->0(45)
[2019-11-18T10:34:15.982+0100][gc,heap       ] GC(3) Survivor regions: 4->6(7)
[2019-11-18T10:34:15.982+0100][gc,heap       ] GC(3) Old regions: 6->6
[2019-11-18T10:34:15.982+0100][gc,heap       ] GC(3) Archive regions: 0->0
[2019-11-18T10:34:15.982+0100][gc,heap       ] GC(3) Humongous regions: 129->129
[2019-11-18T10:34:15.982+0100][gc,metaspace  ] GC(3) Metaspace: 34804K->34804K(1081344K)
[2019-11-18T10:34:15.982+0100][gc            ] GC(3) Pause Young (Concurrent Start) (Metadata GC Threshold) 160M->139M(1024M) 3,500ms
[2019-11-18T10:34:15.982+0100][gc,cpu        ] GC(3) User=0,02s Sys=0,00s Real=0,00s
[2019-11-18T10:34:15.982+0100][gc            ] GC(4) Concurrent Cycle
[2019-11-18T10:34:15.982+0100][gc,marking    ] GC(4) Concurrent Clear Claimed Marks
[2019-11-18T10:34:15.982+0100][gc,marking    ] GC(4) Concurrent Clear Claimed Marks 0,065ms
[2019-11-18T10:34:15.982+0100][gc,marking    ] GC(4) Concurrent Scan Root Regions
[2019-11-18T10:34:15.984+0100][gc,marking    ] GC(4) Concurrent Scan Root Regions 1,782ms
[2019-11-18T10:34:15.984+0100][gc,marking    ] GC(4) Concurrent Mark (1,724s)
[2019-11-18T10:34:15.984+0100][gc,marking    ] GC(4) Concurrent Mark From Roots
[2019-11-18T10:34:15.984+0100][gc,task       ] GC(4) Using 2 workers of 2 for marking
[2019-11-18T10:34:15.989+0100][gc,marking    ] GC(4) Concurrent Mark From Roots 5,112ms
[2019-11-18T10:34:15.989+0100][gc,marking    ] GC(4) Concurrent Preclean
[2019-11-18T10:34:15.989+0100][gc,marking    ] GC(4) Concurrent Preclean 0,157ms
[2019-11-18T10:34:15.989+0100][gc,marking    ] GC(4) Concurrent Mark (1,724s, 1,729s) 5,321ms
[2019-11-18T10:34:15.990+0100][gc,start      ] GC(4) Pause Remark
[2019-11-18T10:34:15.990+0100][gc,stringtable] GC(4) Cleaned string table, strings: 13217 processed, 7 removed
[2019-11-18T10:34:15.991+0100][gc            ] GC(4) Pause Remark 140M->140M(1024M) 0,941ms
[2019-11-18T10:34:15.991+0100][gc,cpu        ] GC(4) User=0,00s Sys=0,00s Real=0,00s
[2019-11-18T10:34:15.991+0100][gc,marking    ] GC(4) Concurrent Rebuild Remembered Sets
[2019-11-18T10:34:15.995+0100][gc,marking    ] GC(4) Concurrent Rebuild Remembered Sets 4,551ms
[2019-11-18T10:34:15.996+0100][gc,start      ] GC(4) Pause Cleanup
[2019-11-18T10:34:15.996+0100][gc            ] GC(4) Pause Cleanup 141M->141M(1024M) 0,192ms
[2019-11-18T10:34:15.996+0100][gc,cpu        ] GC(4) User=0,00s Sys=0,00s Real=0,00s
[2019-11-18T10:34:15.996+0100][gc,marking    ] GC(4) Concurrent Cleanup for Next Mark
[2019-11-18T10:34:16.001+0100][gc,marking    ] GC(4) Concurrent Cleanup for Next Mark 5,142ms
[2019-11-18T10:34:16.001+0100][gc            ] GC(4) Concurrent Cycle 19,293ms
[2019-11-18T10:34:17.373+0100][gc,start      ] GC(5) Pause Young (Normal) (G1 Evacuation Pause)
[2019-11-18T10:34:17.373+0100][gc,task       ] GC(5) Using 8 workers of 8 for evacuation
[2019-11-18T10:34:17.378+0100][gc,phases     ] GC(5)   Pre Evacuate Collection Set: 0,0ms
[2019-11-18T10:34:17.378+0100][gc,phases     ] GC(5)   Evacuate Collection Set: 4,7ms
[2019-11-18T10:34:17.378+0100][gc,phases     ] GC(5)   Post Evacuate Collection Set: 0,6ms
[2019-11-18T10:34:17.378+0100][gc,phases     ] GC(5)   Other: 0,2ms
[2019-11-18T10:34:17.378+0100][gc,heap       ] GC(5) Eden regions: 45->0(46)
[2019-11-18T10:34:17.378+0100][gc,heap       ] GC(5) Survivor regions: 6->5(7)
[2019-11-18T10:34:17.378+0100][gc,heap       ] GC(5) Old regions: 6->9
[2019-11-18T10:34:17.378+0100][gc,heap       ] GC(5) Archive regions: 0->0
[2019-11-18T10:34:17.378+0100][gc,heap       ] GC(5) Humongous regions: 129->129
[2019-11-18T10:34:17.378+0100][gc,metaspace  ] GC(5) Metaspace: 41506K->41506K(1087488K)
[2019-11-18T10:34:17.378+0100][gc            ] GC(5) Pause Young (Normal) (G1 Evacuation Pause) 184M->142M(1024M) 5,483ms
[2019-11-18T10:34:17.378+0100][gc,cpu        ] GC(5) User=0,02s Sys=0,01s Real=0,01s
[2019-11-18T10:44:15.030+0100][gc,start      ] GC(6) Pause Young (Normal) (G1 Evacuation Pause)
[2019-11-18T10:44:15.030+0100][gc,task       ] GC(6) Using 8 workers of 8 for evacuation
[2019-11-18T10:44:15.038+0100][gc,phases     ] GC(6)   Pre Evacuate Collection Set: 0,0ms
[2019-11-18T10:44:15.038+0100][gc,phases     ] GC(6)   Evacuate Collection Set: 7,3ms
[2019-11-18T10:44:15.038+0100][gc,phases     ] GC(6)   Post Evacuate Collection Set: 0,6ms
[2019-11-18T10:44:15.038+0100][gc,phases     ] GC(6)   Other: 0,4ms
[2019-11-18T10:44:15.038+0100][gc,heap       ] GC(6) Eden regions: 46->0(46)
[2019-11-18T10:44:15.038+0100][gc,heap       ] GC(6) Survivor regions: 5->5(7)
[2019-11-18T10:44:15.038+0100][gc,heap       ] GC(6) Old regions: 9->11
[2019-11-18T10:44:15.038+0100][gc,heap       ] GC(6) Archive regions: 0->0
[2019-11-18T10:44:15.038+0100][gc,heap       ] GC(6) Humongous regions: 129->129
[2019-11-18T10:44:15.038+0100][gc,metaspace  ] GC(6) Metaspace: 43201K->43201K(1087488K)
[2019-11-18T10:44:15.038+0100][gc            ] GC(6) Pause Young (Normal) (G1 Evacuation Pause) 188M->144M(1024M) 8,364ms
[2019-11-18T10:44:15.038+0100][gc,cpu        ] GC(6) User=0,06s Sys=0,00s Real=0,01s
[2019-11-18T10:55:15.254+0100][gc,start      ] GC(7) Pause Young (Normal) (G1 Evacuation Pause)
[2019-11-18T10:55:15.254+0100][gc,task       ] GC(7) Using 8 workers of 8 for evacuation
[2019-11-18T10:55:15.262+0100][gc,phases     ] GC(7)   Pre Evacuate Collection Set: 0,0ms
[2019-11-18T10:55:15.262+0100][gc,phases     ] GC(7)   Evacuate Collection Set: 7,2ms
[2019-11-18T10:55:15.262+0100][gc,phases     ] GC(7)   Post Evacuate Collection Set: 0,7ms
[2019-11-18T10:55:15.262+0100][gc,phases     ] GC(7)   Other: 0,4ms
[2019-11-18T10:55:15.262+0100][gc,heap       ] GC(7) Eden regions: 46->0(48)
[2019-11-18T10:55:15.262+0100][gc,heap       ] GC(7) Survivor regions: 5->3(7)
[2019-11-18T10:55:15.262+0100][gc,heap       ] GC(7) Old regions: 11->14
[2019-11-18T10:55:15.262+0100][gc,heap       ] GC(7) Archive regions: 0->0
[2019-11-18T10:55:15.262+0100][gc,heap       ] GC(7) Humongous regions: 129->129
[2019-11-18T10:55:15.262+0100][gc,metaspace  ] GC(7) Metaspace: 43440K->43440K(1089536K)
[2019-11-18T10:55:15.262+0100][gc            ] GC(7) Pause Young (Normal) (G1 Evacuation Pause) 190M->144M(1024M) 8,379ms
[2019-11-18T10:55:15.262+0100][gc,cpu        ] GC(7) User=0,05s Sys=0,01s Real=0,01s
[2019-11-18T10:57:13.669+0100][gc,heap,exit  ] Heap
[2019-11-18T10:57:13.669+0100][gc,heap,exit  ]  garbage-first heap   total 1048576K, used 164439K [0x00000000c0000000, 0x0000000100000000)
[2019-11-18T10:57:13.669+0100][gc,heap,exit  ]   region size 1024K, 20 young (20480K), 3 survivors (3072K)
[2019-11-18T10:57:13.669+0100][gc,heap,exit  ]  Metaspace       used 44206K, capacity 46663K, committed 46876K, reserved 1089536K
[2019-11-18T10:57:13.669+0100][gc,heap,exit  ]   class space    used 5971K, capacity 7152K, committed 7276K, reserved 1048576K
