[2019-11-17T23:48:34.428+0100][gc,heap] Heap region size: 1M
[2019-11-17T23:48:34.442+0100][gc     ] Using G1
[2019-11-17T23:48:34.442+0100][gc,heap,coops] Heap address: 0x00000000c0000000, size: 1024 MB, Compressed Oops mode: 32-bit
[2019-11-17T23:48:34.443+0100][gc,cds       ] Mark closed archive regions in map: [0x00000000fff00000, 0x00000000fff69ff8]
[2019-11-17T23:48:34.443+0100][gc,cds       ] Mark open archive regions in map: [0x00000000ffe00000, 0x00000000ffe33ff8]
[2019-11-17T23:48:35.451+0100][gc,start     ] GC(0) Pause Young (Normal) (G1 Evacuation Pause)
[2019-11-17T23:48:35.452+0100][gc,task      ] GC(0) Using 8 workers of 8 for evacuation
[2019-11-17T23:48:35.461+0100][gc,phases    ] GC(0)   Pre Evacuate Collection Set: 0,0ms
[2019-11-17T23:48:35.461+0100][gc,phases    ] GC(0)   Evacuate Collection Set: 8,1ms
[2019-11-17T23:48:35.461+0100][gc,phases    ] GC(0)   Post Evacuate Collection Set: 0,5ms
[2019-11-17T23:48:35.461+0100][gc,phases    ] GC(0)   Other: 1,2ms
[2019-11-17T23:48:35.461+0100][gc,heap      ] GC(0) Eden regions: 51->0(44)
[2019-11-17T23:48:35.461+0100][gc,heap      ] GC(0) Survivor regions: 0->7(7)
[2019-11-17T23:48:35.461+0100][gc,heap      ] GC(0) Old regions: 2->2
[2019-11-17T23:48:35.461+0100][gc,heap      ] GC(0) Humongous regions: 0->0
[2019-11-17T23:48:35.461+0100][gc,metaspace ] GC(0) Metaspace: 16901K->16901K(1064960K)
[2019-11-17T23:48:35.461+0100][gc           ] GC(0) Pause Young (Normal) (G1 Evacuation Pause) 51M->6M(1024M) 9,865ms
[2019-11-17T23:48:35.461+0100][gc,cpu       ] GC(0) User=0,06s Sys=0,00s Real=0,01s
[2019-11-17T23:48:35.740+0100][gc,start     ] GC(1) Pause Young (Concurrent Start) (Metadata GC Threshold)
[2019-11-17T23:48:35.740+0100][gc,task      ] GC(1) Using 8 workers of 8 for evacuation
[2019-11-17T23:48:35.749+0100][gc,phases    ] GC(1)   Pre Evacuate Collection Set: 0,1ms
[2019-11-17T23:48:35.749+0100][gc,phases    ] GC(1)   Evacuate Collection Set: 7,9ms
[2019-11-17T23:48:35.749+0100][gc,phases    ] GC(1)   Post Evacuate Collection Set: 0,5ms
[2019-11-17T23:48:35.749+0100][gc,phases    ] GC(1)   Other: 0,2ms
[2019-11-17T23:48:35.749+0100][gc,heap      ] GC(1) Eden regions: 16->0(49)
[2019-11-17T23:48:35.749+0100][gc,heap      ] GC(1) Survivor regions: 7->2(7)
[2019-11-17T23:48:35.749+0100][gc,heap      ] GC(1) Old regions: 2->8
[2019-11-17T23:48:35.749+0100][gc,heap      ] GC(1) Humongous regions: 129->129
[2019-11-17T23:48:35.749+0100][gc,metaspace ] GC(1) Metaspace: 20517K->20517K(1067008K)
[2019-11-17T23:48:35.749+0100][gc           ] GC(1) Pause Young (Concurrent Start) (Metadata GC Threshold) 151M->137M(1024M) 8,680ms
[2019-11-17T23:48:35.749+0100][gc,cpu       ] GC(1) User=0,04s Sys=0,00s Real=0,01s
[2019-11-17T23:48:35.749+0100][gc           ] GC(2) Concurrent Cycle
[2019-11-17T23:48:35.749+0100][gc,marking   ] GC(2) Concurrent Clear Claimed Marks
[2019-11-17T23:48:35.749+0100][gc,marking   ] GC(2) Concurrent Clear Claimed Marks 0,048ms
[2019-11-17T23:48:35.749+0100][gc,marking   ] GC(2) Concurrent Scan Root Regions
[2019-11-17T23:48:35.750+0100][gc,marking   ] GC(2) Concurrent Scan Root Regions 0,729ms
[2019-11-17T23:48:35.750+0100][gc,marking   ] GC(2) Concurrent Mark (1,330s)
[2019-11-17T23:48:35.750+0100][gc,marking   ] GC(2) Concurrent Mark From Roots
[2019-11-17T23:48:35.750+0100][gc,task      ] GC(2) Using 2 workers of 2 for marking
[2019-11-17T23:48:35.755+0100][gc,marking   ] GC(2) Concurrent Mark From Roots 4,909ms
[2019-11-17T23:48:35.755+0100][gc,marking   ] GC(2) Concurrent Preclean
[2019-11-17T23:48:35.755+0100][gc,marking   ] GC(2) Concurrent Preclean 0,135ms
[2019-11-17T23:48:35.755+0100][gc,marking   ] GC(2) Concurrent Mark (1,330s, 1,336s) 5,092ms
[2019-11-17T23:48:35.755+0100][gc,start     ] GC(2) Pause Remark
[2019-11-17T23:48:35.757+0100][gc,stringtable] GC(2) Cleaned string and symbol table, strings: 4835 processed, 0 removed, symbols: 50392 processed, 44 removed
[2019-11-17T23:48:35.757+0100][gc            ] GC(2) Pause Remark 138M->138M(1024M) 2,337ms
[2019-11-17T23:48:35.757+0100][gc,cpu        ] GC(2) User=0,01s Sys=0,00s Real=0,00s
[2019-11-17T23:48:35.757+0100][gc,marking    ] GC(2) Concurrent Rebuild Remembered Sets
[2019-11-17T23:48:35.761+0100][gc,marking    ] GC(2) Concurrent Rebuild Remembered Sets 3,603ms
[2019-11-17T23:48:35.761+0100][gc,start      ] GC(2) Pause Cleanup
[2019-11-17T23:48:35.761+0100][gc            ] GC(2) Pause Cleanup 139M->139M(1024M) 0,279ms
[2019-11-17T23:48:35.761+0100][gc,cpu        ] GC(2) User=0,00s Sys=0,00s Real=0,01s
[2019-11-17T23:48:35.761+0100][gc,marking    ] GC(2) Concurrent Cleanup for Next Mark
[2019-11-17T23:48:35.766+0100][gc,marking    ] GC(2) Concurrent Cleanup for Next Mark 4,910ms
[2019-11-17T23:48:35.766+0100][gc            ] GC(2) Concurrent Cycle 17,465ms
[2019-11-17T23:50:01.799+0100][gc,start      ] GC(3) Pause Young (Normal) (G1 Evacuation Pause)
[2019-11-17T23:50:01.799+0100][gc,task       ] GC(3) Using 8 workers of 8 for evacuation
[2019-11-17T23:50:01.810+0100][gc,phases     ] GC(3)   Pre Evacuate Collection Set: 0,0ms
[2019-11-17T23:50:01.810+0100][gc,phases     ] GC(3)   Evacuate Collection Set: 9,8ms
[2019-11-17T23:50:01.810+0100][gc,phases     ] GC(3)   Post Evacuate Collection Set: 0,8ms
[2019-11-17T23:50:01.810+0100][gc,phases     ] GC(3)   Other: 0,2ms
[2019-11-17T23:50:01.810+0100][gc,heap       ] GC(3) Eden regions: 49->0(46)
[2019-11-17T23:50:01.810+0100][gc,heap       ] GC(3) Survivor regions: 2->5(7)
[2019-11-17T23:50:01.810+0100][gc,heap       ] GC(3) Old regions: 8->8
[2019-11-17T23:50:01.810+0100][gc,heap       ] GC(3) Humongous regions: 129->129
[2019-11-17T23:50:01.810+0100][gc,metaspace  ] GC(3) Metaspace: 30433K->30433K(1077248K)
[2019-11-17T23:50:01.810+0100][gc            ] GC(3) Pause Young (Normal) (G1 Evacuation Pause) 186M->140M(1024M) 11,015ms
[2019-11-17T23:50:01.810+0100][gc,cpu        ] GC(3) User=0,03s Sys=0,00s Real=0,01s
[2019-11-17T23:55:56.177+0100][gc,start      ] GC(4) Pause Young (Concurrent Start) (Metadata GC Threshold)
[2019-11-17T23:55:56.177+0100][gc,task       ] GC(4) Using 8 workers of 8 for evacuation
[2019-11-17T23:55:56.188+0100][gc,phases     ] GC(4)   Pre Evacuate Collection Set: 0,2ms
[2019-11-17T23:55:56.188+0100][gc,phases     ] GC(4)   Evacuate Collection Set: 9,3ms
[2019-11-17T23:55:56.188+0100][gc,phases     ] GC(4)   Post Evacuate Collection Set: 0,7ms
[2019-11-17T23:55:56.188+0100][gc,phases     ] GC(4)   Other: 0,3ms
[2019-11-17T23:55:56.188+0100][gc,heap       ] GC(4) Eden regions: 38->0(48)
[2019-11-17T23:55:56.188+0100][gc,heap       ] GC(4) Survivor regions: 5->3(7)
[2019-11-17T23:55:56.188+0100][gc,heap       ] GC(4) Old regions: 8->13
[2019-11-17T23:55:56.188+0100][gc,heap       ] GC(4) Humongous regions: 129->129
[2019-11-17T23:55:56.188+0100][gc,metaspace  ] GC(4) Metaspace: 33734K->33734K(1079296K)
[2019-11-17T23:55:56.188+0100][gc            ] GC(4) Pause Young (Concurrent Start) (Metadata GC Threshold) 178M->142M(1024M) 10,576ms
[2019-11-17T23:55:56.188+0100][gc,cpu        ] GC(4) User=0,05s Sys=0,01s Real=0,01s
[2019-11-17T23:55:56.188+0100][gc            ] GC(5) Concurrent Cycle
[2019-11-17T23:55:56.188+0100][gc,marking    ] GC(5) Concurrent Clear Claimed Marks
[2019-11-17T23:55:56.188+0100][gc,marking    ] GC(5) Concurrent Clear Claimed Marks 0,108ms
[2019-11-17T23:55:56.188+0100][gc,marking    ] GC(5) Concurrent Scan Root Regions
[2019-11-17T23:55:56.189+0100][gc,marking    ] GC(5) Concurrent Scan Root Regions 1,337ms
[2019-11-17T23:55:56.189+0100][gc,marking    ] GC(5) Concurrent Mark (441,770s)
[2019-11-17T23:55:56.189+0100][gc,marking    ] GC(5) Concurrent Mark From Roots
[2019-11-17T23:55:56.189+0100][gc,task       ] GC(5) Using 2 workers of 2 for marking
[2019-11-17T23:55:56.204+0100][gc,marking    ] GC(5) Concurrent Mark From Roots 14,295ms
[2019-11-17T23:55:56.204+0100][gc,marking    ] GC(5) Concurrent Preclean
[2019-11-17T23:55:56.204+0100][gc,marking    ] GC(5) Concurrent Preclean 0,136ms
[2019-11-17T23:55:56.204+0100][gc,marking    ] GC(5) Concurrent Mark (441,770s, 441,785s) 14,480ms
[2019-11-17T23:55:56.204+0100][gc,start      ] GC(5) Pause Remark
[2019-11-17T23:55:56.213+0100][gc,stringtable] GC(5) Cleaned string and symbol table, strings: 10544 processed, 8 removed, symbols: 74709 processed, 20 removed
[2019-11-17T23:55:56.214+0100][gc            ] GC(5) Pause Remark 142M->142M(1024M) 9,581ms
[2019-11-17T23:55:56.214+0100][gc,cpu        ] GC(5) User=0,04s Sys=0,00s Real=0,01s
[2019-11-17T23:55:56.214+0100][gc,marking    ] GC(5) Concurrent Rebuild Remembered Sets
[2019-11-17T23:55:56.223+0100][gc,marking    ] GC(5) Concurrent Rebuild Remembered Sets 9,722ms
[2019-11-17T23:55:56.224+0100][gc,start      ] GC(5) Pause Cleanup
[2019-11-17T23:55:56.224+0100][gc            ] GC(5) Pause Cleanup 143M->143M(1024M) 0,344ms
[2019-11-17T23:55:56.224+0100][gc,cpu        ] GC(5) User=0,00s Sys=0,00s Real=0,00s
[2019-11-17T23:55:56.224+0100][gc,marking    ] GC(5) Concurrent Cleanup for Next Mark
[2019-11-17T23:55:56.231+0100][gc,marking    ] GC(5) Concurrent Cleanup for Next Mark 7,256ms
[2019-11-17T23:55:56.231+0100][gc            ] GC(5) Concurrent Cycle 43,394ms
[2019-11-18T00:10:51.017+0100][gc,start      ] GC(6) Pause Young (Normal) (G1 Evacuation Pause)
[2019-11-18T00:10:51.017+0100][gc,task       ] GC(6) Using 8 workers of 8 for evacuation
[2019-11-18T00:10:51.025+0100][gc,phases     ] GC(6)   Pre Evacuate Collection Set: 0,1ms
[2019-11-18T00:10:51.025+0100][gc,phases     ] GC(6)   Evacuate Collection Set: 6,3ms
[2019-11-18T00:10:51.025+0100][gc,phases     ] GC(6)   Post Evacuate Collection Set: 0,6ms
[2019-11-18T00:10:51.025+0100][gc,phases     ] GC(6)   Other: 0,5ms
[2019-11-18T00:10:51.025+0100][gc,heap       ] GC(6) Eden regions: 48->0(47)
[2019-11-18T00:10:51.025+0100][gc,heap       ] GC(6) Survivor regions: 3->4(7)
[2019-11-18T00:10:51.025+0100][gc,heap       ] GC(6) Old regions: 13->13
[2019-11-18T00:10:51.025+0100][gc,heap       ] GC(6) Humongous regions: 129->129
[2019-11-18T00:10:51.025+0100][gc,metaspace  ] GC(6) Metaspace: 35600K->35600K(1081344K)
[2019-11-18T00:10:51.025+0100][gc            ] GC(6) Pause Young (Normal) (G1 Evacuation Pause) 190M->143M(1024M) 7,550ms
[2019-11-18T00:10:51.025+0100][gc,cpu        ] GC(6) User=0,05s Sys=0,00s Real=0,01s
[2019-11-18T00:28:57.054+0100][gc,start      ] GC(7) Pause Young (Normal) (G1 Evacuation Pause)
[2019-11-18T00:28:57.060+0100][gc,task       ] GC(7) Using 8 workers of 8 for evacuation
[2019-11-18T00:28:57.064+0100][gc,phases     ] GC(7)   Pre Evacuate Collection Set: 0,0ms
[2019-11-18T00:28:57.064+0100][gc,phases     ] GC(7)   Evacuate Collection Set: 3,6ms
[2019-11-18T00:28:57.064+0100][gc,phases     ] GC(7)   Post Evacuate Collection Set: 0,6ms
[2019-11-18T00:28:57.064+0100][gc,phases     ] GC(7)   Other: 6,1ms
[2019-11-18T00:28:57.064+0100][gc,heap       ] GC(7) Eden regions: 47->0(47)
[2019-11-18T00:28:57.064+0100][gc,heap       ] GC(7) Survivor regions: 4->4(7)
[2019-11-18T00:28:57.064+0100][gc,heap       ] GC(7) Old regions: 13->13
[2019-11-18T00:28:57.064+0100][gc,heap       ] GC(7) Humongous regions: 129->129
[2019-11-18T00:28:57.064+0100][gc,metaspace  ] GC(7) Metaspace: 36370K->36370K(1081344K)
[2019-11-18T00:28:57.064+0100][gc            ] GC(7) Pause Young (Normal) (G1 Evacuation Pause) 190M->143M(1024M) 10,429ms
[2019-11-18T00:28:57.064+0100][gc,cpu        ] GC(7) User=0,03s Sys=0,00s Real=0,01s
[2019-11-18T00:28:57.081+0100][gc,heap,exit  ] Heap
[2019-11-18T00:28:57.081+0100][gc,heap,exit  ]  garbage-first heap   total 1048576K, used 148966K [0x00000000c0000000, 0x0000000100000000)
[2019-11-18T00:28:57.081+0100][gc,heap,exit  ]   region size 1024K, 7 young (7168K), 4 survivors (4096K)
[2019-11-18T00:28:57.081+0100][gc,heap,exit  ]  Metaspace       used 36399K, capacity 38910K, committed 39248K, reserved 1081344K
[2019-11-18T00:28:57.082+0100][gc,heap,exit  ]   class space    used 5326K, capacity 6533K, committed 6656K, reserved 1048576K
