<<<<<<< HEAD
[2019-11-17T20:00:37.503+0100][gc,heap] Heap region size: 1M
[2019-11-17T20:00:37.511+0100][gc     ] Using G1
[2019-11-17T20:00:37.511+0100][gc,heap,coops] Heap address: 0x00000000c0000000, size: 1024 MB, Compressed Oops mode: 32-bit
[2019-11-17T20:00:37.531+0100][gc           ] Periodic GC disabled
[2019-11-17T20:00:38.246+0100][gc,start     ] GC(0) Pause Young (Concurrent Start) (Metadata GC Threshold)
[2019-11-17T20:00:38.248+0100][gc,task      ] GC(0) Using 8 workers of 8 for evacuation
[2019-11-17T20:00:38.256+0100][gc,phases    ] GC(0)   Pre Evacuate Collection Set: 0,0ms
[2019-11-17T20:00:38.256+0100][gc,phases    ] GC(0)   Evacuate Collection Set: 6,8ms
[2019-11-17T20:00:38.256+0100][gc,phases    ] GC(0)   Post Evacuate Collection Set: 0,6ms
[2019-11-17T20:00:38.256+0100][gc,phases    ] GC(0)   Other: 1,8ms
[2019-11-17T20:00:38.256+0100][gc,heap      ] GC(0) Eden regions: 36->0(45)
[2019-11-17T20:00:38.256+0100][gc,heap      ] GC(0) Survivor regions: 0->6(7)
[2019-11-17T20:00:38.256+0100][gc,heap      ] GC(0) Old regions: 0->0
[2019-11-17T20:00:38.256+0100][gc,heap      ] GC(0) Archive regions: 0->0
[2019-11-17T20:00:38.256+0100][gc,heap      ] GC(0) Humongous regions: 0->0
[2019-11-17T20:00:38.256+0100][gc,metaspace ] GC(0) Metaspace: 20746K->20746K(1069056K)
[2019-11-17T20:00:38.256+0100][gc           ] GC(0) Pause Young (Concurrent Start) (Metadata GC Threshold) 35M->5M(1024M) 9,308ms
[2019-11-17T20:00:38.256+0100][gc,cpu       ] GC(0) User=0,01s Sys=0,00s Real=0,01s
[2019-11-17T20:00:38.256+0100][gc           ] GC(1) Concurrent Cycle
[2019-11-17T20:00:38.256+0100][gc,marking   ] GC(1) Concurrent Clear Claimed Marks
[2019-11-17T20:00:38.256+0100][gc,marking   ] GC(1) Concurrent Clear Claimed Marks 0,019ms
[2019-11-17T20:00:38.256+0100][gc,marking   ] GC(1) Concurrent Scan Root Regions
[2019-11-17T20:00:38.258+0100][gc,marking   ] GC(1) Concurrent Scan Root Regions 2,133ms
[2019-11-17T20:00:38.258+0100][gc,marking   ] GC(1) Concurrent Mark (0,757s)
[2019-11-17T20:00:38.258+0100][gc,marking   ] GC(1) Concurrent Mark From Roots
[2019-11-17T20:00:38.258+0100][gc,task      ] GC(1) Using 2 workers of 2 for marking
[2019-11-17T20:00:38.259+0100][gc,marking   ] GC(1) Concurrent Mark From Roots 0,622ms
[2019-11-17T20:00:38.259+0100][gc,marking   ] GC(1) Concurrent Preclean
[2019-11-17T20:00:38.259+0100][gc,marking   ] GC(1) Concurrent Preclean 0,090ms
[2019-11-17T20:00:38.259+0100][gc,marking   ] GC(1) Concurrent Mark (0,757s, 0,758s) 0,734ms
[2019-11-17T20:00:38.259+0100][gc,start     ] GC(1) Pause Remark
[2019-11-17T20:00:38.259+0100][gc,stringtable] GC(1) Cleaned string table, strings: 7383 processed, 0 removed
[2019-11-17T20:00:38.260+0100][gc            ] GC(1) Pause Remark 6M->6M(1024M) 0,878ms
[2019-11-17T20:00:38.260+0100][gc,cpu        ] GC(1) User=0,01s Sys=0,00s Real=0,00s
[2019-11-17T20:00:38.260+0100][gc,marking    ] GC(1) Concurrent Rebuild Remembered Sets
[2019-11-17T20:00:38.260+0100][gc,marking    ] GC(1) Concurrent Rebuild Remembered Sets 0,127ms
[2019-11-17T20:00:38.260+0100][gc,start      ] GC(1) Pause Cleanup
[2019-11-17T20:00:38.260+0100][gc            ] GC(1) Pause Cleanup 6M->6M(1024M) 0,169ms
[2019-11-17T20:00:38.260+0100][gc,cpu        ] GC(1) User=0,00s Sys=0,00s Real=0,00s
[2019-11-17T20:00:38.261+0100][gc,marking    ] GC(1) Concurrent Cleanup for Next Mark
[2019-11-17T20:00:38.266+0100][gc,marking    ] GC(1) Concurrent Cleanup for Next Mark 5,017ms
[2019-11-17T20:00:38.266+0100][gc            ] GC(1) Concurrent Cycle 9,908ms
[2019-11-17T20:00:38.930+0100][gc,start      ] GC(2) Pause Young (Normal) (G1 Evacuation Pause)
[2019-11-17T20:00:38.930+0100][gc,task       ] GC(2) Using 8 workers of 8 for evacuation
[2019-11-17T20:00:38.938+0100][gc,phases     ] GC(2)   Pre Evacuate Collection Set: 0,0ms
[2019-11-17T20:00:38.938+0100][gc,phases     ] GC(2)   Evacuate Collection Set: 6,7ms
[2019-11-17T20:00:38.938+0100][gc,phases     ] GC(2)   Post Evacuate Collection Set: 1,6ms
[2019-11-17T20:00:38.938+0100][gc,phases     ] GC(2)   Other: 0,2ms
[2019-11-17T20:00:38.938+0100][gc,heap       ] GC(2) Eden regions: 45->0(47)
[2019-11-17T20:00:38.938+0100][gc,heap       ] GC(2) Survivor regions: 6->4(7)
[2019-11-17T20:00:38.938+0100][gc,heap       ] GC(2) Old regions: 0->6
[2019-11-17T20:00:38.938+0100][gc,heap       ] GC(2) Archive regions: 0->0
[2019-11-17T20:00:38.938+0100][gc,heap       ] GC(2) Humongous regions: 129->129
[2019-11-17T20:00:38.938+0100][gc,metaspace  ] GC(2) Metaspace: 30580K->30580K(1077248K)
[2019-11-17T20:00:38.938+0100][gc            ] GC(2) Pause Young (Normal) (G1 Evacuation Pause) 179M->138M(1024M) 8,706ms
[2019-11-17T20:00:38.938+0100][gc,cpu        ] GC(2) User=0,05s Sys=0,00s Real=0,01s
[2019-11-17T20:00:39.144+0100][gc,start      ] GC(3) Pause Young (Concurrent Start) (Metadata GC Threshold)
[2019-11-17T20:00:39.144+0100][gc,task       ] GC(3) Using 8 workers of 8 for evacuation
[2019-11-17T20:00:39.149+0100][gc,phases     ] GC(3)   Pre Evacuate Collection Set: 0,1ms
[2019-11-17T20:00:39.149+0100][gc,phases     ] GC(3)   Evacuate Collection Set: 3,7ms
[2019-11-17T20:00:39.149+0100][gc,phases     ] GC(3)   Post Evacuate Collection Set: 0,5ms
[2019-11-17T20:00:39.149+0100][gc,phases     ] GC(3)   Other: 0,2ms
[2019-11-17T20:00:39.149+0100][gc,heap       ] GC(3) Eden regions: 21->0(46)
[2019-11-17T20:00:39.149+0100][gc,heap       ] GC(3) Survivor regions: 4->5(7)
[2019-11-17T20:00:39.149+0100][gc,heap       ] GC(3) Old regions: 6->6
[2019-11-17T20:00:39.149+0100][gc,heap       ] GC(3) Archive regions: 0->0
[2019-11-17T20:00:39.149+0100][gc,heap       ] GC(3) Humongous regions: 129->129
[2019-11-17T20:00:39.149+0100][gc,metaspace  ] GC(3) Metaspace: 34752K->34752K(1081344K)
[2019-11-17T20:00:39.149+0100][gc            ] GC(3) Pause Young (Concurrent Start) (Metadata GC Threshold) 158M->139M(1024M) 4,541ms
[2019-11-17T20:00:39.149+0100][gc,cpu        ] GC(3) User=0,02s Sys=0,00s Real=0,00s
[2019-11-17T20:00:39.149+0100][gc            ] GC(4) Concurrent Cycle
[2019-11-17T20:00:39.149+0100][gc,marking    ] GC(4) Concurrent Clear Claimed Marks
[2019-11-17T20:00:39.149+0100][gc,marking    ] GC(4) Concurrent Clear Claimed Marks 0,041ms
[2019-11-17T20:00:39.149+0100][gc,marking    ] GC(4) Concurrent Scan Root Regions
[2019-11-17T20:00:39.152+0100][gc,marking    ] GC(4) Concurrent Scan Root Regions 2,717ms
[2019-11-17T20:00:39.152+0100][gc,marking    ] GC(4) Concurrent Mark (1,651s)
[2019-11-17T20:00:39.152+0100][gc,marking    ] GC(4) Concurrent Mark From Roots
[2019-11-17T20:00:39.152+0100][gc,task       ] GC(4) Using 2 workers of 2 for marking
[2019-11-17T20:00:39.160+0100][gc,marking    ] GC(4) Concurrent Mark From Roots 8,203ms
[2019-11-17T20:00:39.160+0100][gc,marking    ] GC(4) Concurrent Preclean
[2019-11-17T20:00:39.160+0100][gc,marking    ] GC(4) Concurrent Preclean 0,153ms
[2019-11-17T20:00:39.160+0100][gc,marking    ] GC(4) Concurrent Mark (1,651s, 1,660s) 8,406ms
[2019-11-17T20:00:39.162+0100][gc,start      ] GC(4) Pause Remark
[2019-11-17T20:00:39.163+0100][gc,stringtable] GC(4) Cleaned string table, strings: 11468 processed, 6 removed
[2019-11-17T20:00:39.164+0100][gc            ] GC(4) Pause Remark 141M->141M(1024M) 1,498ms
[2019-11-17T20:00:39.164+0100][gc,cpu        ] GC(4) User=0,00s Sys=0,00s Real=0,00s
[2019-11-17T20:00:39.164+0100][gc,marking    ] GC(4) Concurrent Rebuild Remembered Sets
[2019-11-17T20:00:39.167+0100][gc,marking    ] GC(4) Concurrent Rebuild Remembered Sets 3,252ms
[2019-11-17T20:00:39.167+0100][gc,start      ] GC(4) Pause Cleanup
[2019-11-17T20:00:39.167+0100][gc            ] GC(4) Pause Cleanup 142M->142M(1024M) 0,175ms
[2019-11-17T20:00:39.167+0100][gc,cpu        ] GC(4) User=0,00s Sys=0,00s Real=0,00s
[2019-11-17T20:00:39.167+0100][gc,marking    ] GC(4) Concurrent Cleanup for Next Mark
[2019-11-17T20:00:39.172+0100][gc,marking    ] GC(4) Concurrent Cleanup for Next Mark 4,969ms
[2019-11-17T20:00:39.172+0100][gc            ] GC(4) Concurrent Cycle 23,159ms
[2019-11-17T20:04:59.149+0100][gc,start      ] GC(5) Pause Young (Concurrent Start) (G1 Evacuation Pause)
[2019-11-17T20:04:59.150+0100][gc,task       ] GC(5) Using 8 workers of 8 for evacuation
[2019-11-17T20:04:59.156+0100][gc,phases     ] GC(5)   Pre Evacuate Collection Set: 0,1ms
[2019-11-17T20:04:59.156+0100][gc,phases     ] GC(5)   Evacuate Collection Set: 5,8ms
[2019-11-17T20:04:59.156+0100][gc,phases     ] GC(5)   Post Evacuate Collection Set: 0,6ms
[2019-11-17T20:04:59.156+0100][gc,phases     ] GC(5)   Other: 0,2ms
[2019-11-17T20:04:59.156+0100][gc,heap       ] GC(5) Eden regions: 46->0(47)
[2019-11-17T20:04:59.156+0100][gc,heap       ] GC(5) Survivor regions: 5->4(7)
[2019-11-17T20:04:59.156+0100][gc,heap       ] GC(5) Old regions: 6->9
[2019-11-17T20:04:59.156+0100][gc,heap       ] GC(5) Archive regions: 0->0
[2019-11-17T20:04:59.156+0100][gc,heap       ] GC(5) Humongous regions: 129->129
[2019-11-17T20:04:59.156+0100][gc,metaspace  ] GC(5) Metaspace: 40786K->40786K(1085440K)
[2019-11-17T20:04:59.156+0100][gc            ] GC(5) Pause Young (Concurrent Start) (G1 Evacuation Pause) 185M->141M(1024M) 6,773ms
[2019-11-17T20:04:59.156+0100][gc,cpu        ] GC(5) User=0,03s Sys=0,00s Real=0,01s
[2019-11-17T20:04:59.156+0100][gc            ] GC(6) Concurrent Cycle
[2019-11-17T20:04:59.156+0100][gc,marking    ] GC(6) Concurrent Clear Claimed Marks
[2019-11-17T20:04:59.157+0100][gc,marking    ] GC(6) Concurrent Clear Claimed Marks 0,174ms
[2019-11-17T20:04:59.157+0100][gc,marking    ] GC(6) Concurrent Scan Root Regions
[2019-11-17T20:04:59.159+0100][gc,marking    ] GC(6) Concurrent Scan Root Regions 2,969ms
[2019-11-17T20:04:59.160+0100][gc,marking    ] GC(6) Concurrent Mark (261,659s)
[2019-11-17T20:04:59.160+0100][gc,marking    ] GC(6) Concurrent Mark From Roots
[2019-11-17T20:04:59.160+0100][gc,task       ] GC(6) Using 2 workers of 2 for marking
[2019-11-17T20:04:59.164+0100][gc,marking    ] GC(6) Concurrent Mark From Roots 4,684ms
[2019-11-17T20:04:59.164+0100][gc,marking    ] GC(6) Concurrent Preclean
[2019-11-17T20:04:59.164+0100][gc,marking    ] GC(6) Concurrent Preclean 0,117ms
[2019-11-17T20:04:59.164+0100][gc,marking    ] GC(6) Concurrent Mark (261,659s, 261,664s) 4,840ms
[2019-11-17T20:04:59.165+0100][gc,start      ] GC(6) Pause Remark
[2019-11-17T20:04:59.166+0100][gc,stringtable] GC(6) Cleaned string table, strings: 12931 processed, 2 removed
[2019-11-17T20:04:59.166+0100][gc            ] GC(6) Pause Remark 142M->142M(1024M) 1,195ms
[2019-11-17T20:04:59.166+0100][gc,cpu        ] GC(6) User=0,01s Sys=0,00s Real=0,00s
[2019-11-17T20:04:59.166+0100][gc,marking    ] GC(6) Concurrent Rebuild Remembered Sets
[2019-11-17T20:04:59.170+0100][gc,marking    ] GC(6) Concurrent Rebuild Remembered Sets 4,558ms
[2019-11-17T20:04:59.171+0100][gc,start      ] GC(6) Pause Cleanup
[2019-11-17T20:04:59.171+0100][gc            ] GC(6) Pause Cleanup 142M->142M(1024M) 0,211ms
[2019-11-17T20:04:59.171+0100][gc,cpu        ] GC(6) User=0,00s Sys=0,00s Real=0,00s
[2019-11-17T20:04:59.171+0100][gc,marking    ] GC(6) Concurrent Cleanup for Next Mark
[2019-11-17T20:04:59.173+0100][gc,marking    ] GC(6) Concurrent Cleanup for Next Mark 2,408ms
[2019-11-17T20:04:59.173+0100][gc            ] GC(6) Concurrent Cycle 17,123ms
[2019-11-17T20:14:48.876+0100][gc,start      ] GC(7) Pause Young (Normal) (G1 Evacuation Pause)
[2019-11-17T20:14:48.876+0100][gc,task       ] GC(7) Using 8 workers of 8 for evacuation
[2019-11-17T20:14:48.885+0100][gc,phases     ] GC(7)   Pre Evacuate Collection Set: 0,0ms
[2019-11-17T20:14:48.885+0100][gc,phases     ] GC(7)   Evacuate Collection Set: 7,9ms
[2019-11-17T20:14:48.885+0100][gc,phases     ] GC(7)   Post Evacuate Collection Set: 0,6ms
[2019-11-17T20:14:48.885+0100][gc,phases     ] GC(7)   Other: 0,4ms
[2019-11-17T20:14:48.885+0100][gc,heap       ] GC(7) Eden regions: 47->0(46)
[2019-11-17T20:14:48.885+0100][gc,heap       ] GC(7) Survivor regions: 4->5(7)
[2019-11-17T20:14:48.885+0100][gc,heap       ] GC(7) Old regions: 9->11
[2019-11-17T20:14:48.885+0100][gc,heap       ] GC(7) Archive regions: 0->0
[2019-11-17T20:14:48.885+0100][gc,heap       ] GC(7) Humongous regions: 129->129
[2019-11-17T20:14:48.885+0100][gc,metaspace  ] GC(7) Metaspace: 42980K->42980K(1087488K)
[2019-11-17T20:14:48.885+0100][gc            ] GC(7) Pause Young (Normal) (G1 Evacuation Pause) 188M->143M(1024M) 8,906ms
[2019-11-17T20:14:48.885+0100][gc,cpu        ] GC(7) User=0,05s Sys=0,00s Real=0,01s
[2019-11-17T20:24:48.390+0100][gc,start      ] GC(8) Pause Young (Normal) (G1 Evacuation Pause)
[2019-11-17T20:24:48.390+0100][gc,task       ] GC(8) Using 8 workers of 8 for evacuation
[2019-11-17T20:24:48.399+0100][gc,phases     ] GC(8)   Pre Evacuate Collection Set: 0,0ms
[2019-11-17T20:24:48.399+0100][gc,phases     ] GC(8)   Evacuate Collection Set: 7,3ms
[2019-11-17T20:24:48.399+0100][gc,phases     ] GC(8)   Post Evacuate Collection Set: 0,5ms
[2019-11-17T20:24:48.399+0100][gc,phases     ] GC(8)   Other: 0,3ms
[2019-11-17T20:24:48.399+0100][gc,heap       ] GC(8) Eden regions: 46->0(48)
[2019-11-17T20:24:48.399+0100][gc,heap       ] GC(8) Survivor regions: 5->3(7)
[2019-11-17T20:24:48.399+0100][gc,heap       ] GC(8) Old regions: 11->13
[2019-11-17T20:24:48.399+0100][gc,heap       ] GC(8) Archive regions: 0->0
[2019-11-17T20:24:48.399+0100][gc,heap       ] GC(8) Humongous regions: 129->129
[2019-11-17T20:24:48.399+0100][gc,metaspace  ] GC(8) Metaspace: 43311K->43311K(1089536K)
[2019-11-17T20:24:48.399+0100][gc            ] GC(8) Pause Young (Normal) (G1 Evacuation Pause) 189M->144M(1024M) 8,223ms
[2019-11-17T20:24:48.399+0100][gc,cpu        ] GC(8) User=0,05s Sys=0,01s Real=0,00s
[2019-11-17T20:34:08.657+0100][gc,start      ] GC(9) Pause Young (Normal) (G1 Evacuation Pause)
[2019-11-17T20:34:08.657+0100][gc,task       ] GC(9) Using 8 workers of 8 for evacuation
[2019-11-17T20:34:08.667+0100][gc,phases     ] GC(9)   Pre Evacuate Collection Set: 0,0ms
[2019-11-17T20:34:08.667+0100][gc,phases     ] GC(9)   Evacuate Collection Set: 8,2ms
[2019-11-17T20:34:08.667+0100][gc,phases     ] GC(9)   Post Evacuate Collection Set: 1,7ms
[2019-11-17T20:34:08.667+0100][gc,phases     ] GC(9)   Other: 0,4ms
[2019-11-17T20:34:08.667+0100][gc,heap       ] GC(9) Eden regions: 48->0(47)
[2019-11-17T20:34:08.667+0100][gc,heap       ] GC(9) Survivor regions: 3->4(7)
[2019-11-17T20:34:08.667+0100][gc,heap       ] GC(9) Old regions: 13->13
[2019-11-17T20:34:08.668+0100][gc,heap       ] GC(9) Archive regions: 0->0
[2019-11-17T20:34:08.668+0100][gc,heap       ] GC(9) Humongous regions: 129->129
[2019-11-17T20:34:08.668+0100][gc,metaspace  ] GC(9) Metaspace: 43689K->43689K(1089536K)
[2019-11-17T20:34:08.668+0100][gc            ] GC(9) Pause Young (Normal) (G1 Evacuation Pause) 192M->145M(1024M) 10,563ms
[2019-11-17T20:34:08.668+0100][gc,cpu        ] GC(9) User=0,06s Sys=0,00s Real=0,01s
[2019-11-17T20:44:06.188+0100][gc,start      ] GC(10) Pause Young (Normal) (G1 Evacuation Pause)
[2019-11-17T20:44:06.188+0100][gc,task       ] GC(10) Using 8 workers of 8 for evacuation
[2019-11-17T20:44:06.196+0100][gc,phases     ] GC(10)   Pre Evacuate Collection Set: 0,1ms
[2019-11-17T20:44:06.196+0100][gc,phases     ] GC(10)   Evacuate Collection Set: 6,1ms
[2019-11-17T20:44:06.196+0100][gc,phases     ] GC(10)   Post Evacuate Collection Set: 0,9ms
[2019-11-17T20:44:06.196+0100][gc,phases     ] GC(10)   Other: 0,3ms
[2019-11-17T20:44:06.196+0100][gc,heap       ] GC(10) Eden regions: 47->0(47)
[2019-11-17T20:44:06.196+0100][gc,heap       ] GC(10) Survivor regions: 4->4(7)
[2019-11-17T20:44:06.196+0100][gc,heap       ] GC(10) Old regions: 13->13
[2019-11-17T20:44:06.196+0100][gc,heap       ] GC(10) Archive regions: 0->0
[2019-11-17T20:44:06.196+0100][gc,heap       ] GC(10) Humongous regions: 129->129
[2019-11-17T20:44:06.196+0100][gc,metaspace  ] GC(10) Metaspace: 43843K->43843K(1089536K)
[2019-11-17T20:44:06.196+0100][gc            ] GC(10) Pause Young (Normal) (G1 Evacuation Pause) 192M->145M(1024M) 7,354ms
[2019-11-17T20:44:06.196+0100][gc,cpu        ] GC(10) User=0,03s Sys=0,00s Real=0,01s
[2019-11-17T20:45:13.015+0100][gc,heap,exit  ] Heap
[2019-11-17T20:45:13.015+0100][gc,heap,exit  ]  garbage-first heap   total 1048576K, used 162101K [0x00000000c0000000, 0x0000000100000000)
[2019-11-17T20:45:13.015+0100][gc,heap,exit  ]   region size 1024K, 19 young (19456K), 4 survivors (4096K)
[2019-11-17T20:45:13.015+0100][gc,heap,exit  ]  Metaspace       used 44616K, capacity 47230K, committed 47568K, reserved 1089536K
[2019-11-17T20:45:13.015+0100][gc,heap,exit  ]   class space    used 6032K, capacity 7245K, committed 7296K, reserved 1048576K
=======
[2019-11-17T23:43:55.229+0100][gc,heap] Heap region size: 1M
[2019-11-17T23:43:55.241+0100][gc     ] Using G1
[2019-11-17T23:43:55.241+0100][gc,heap,coops] Heap address: 0x00000000c0000000, size: 1024 MB, Compressed Oops mode: 32-bit
[2019-11-17T23:43:55.241+0100][gc,cds       ] Mark closed archive regions in map: [0x00000000fff00000, 0x00000000fff69ff8]
[2019-11-17T23:43:55.241+0100][gc,cds       ] Mark open archive regions in map: [0x00000000ffe00000, 0x00000000ffe33ff8]
[2019-11-17T23:43:56.193+0100][gc,start     ] GC(0) Pause Young (Normal) (G1 Evacuation Pause)
[2019-11-17T23:43:56.193+0100][gc,task      ] GC(0) Using 8 workers of 8 for evacuation
[2019-11-17T23:43:56.201+0100][gc,phases    ] GC(0)   Pre Evacuate Collection Set: 0,0ms
[2019-11-17T23:43:56.201+0100][gc,phases    ] GC(0)   Evacuate Collection Set: 7,5ms
[2019-11-17T23:43:56.202+0100][gc,phases    ] GC(0)   Post Evacuate Collection Set: 0,4ms
[2019-11-17T23:43:56.202+0100][gc,phases    ] GC(0)   Other: 0,9ms
[2019-11-17T23:43:56.202+0100][gc,heap      ] GC(0) Eden regions: 51->0(44)
[2019-11-17T23:43:56.202+0100][gc,heap      ] GC(0) Survivor regions: 0->7(7)
[2019-11-17T23:43:56.202+0100][gc,heap      ] GC(0) Old regions: 2->2
[2019-11-17T23:43:56.202+0100][gc,heap      ] GC(0) Humongous regions: 0->0
[2019-11-17T23:43:56.202+0100][gc,metaspace ] GC(0) Metaspace: 16910K->16910K(1064960K)
[2019-11-17T23:43:56.202+0100][gc           ] GC(0) Pause Young (Normal) (G1 Evacuation Pause) 51M->6M(1024M) 8,913ms
[2019-11-17T23:43:56.202+0100][gc,cpu       ] GC(0) User=0,05s Sys=0,01s Real=0,02s
[2019-11-17T23:43:56.454+0100][gc,start     ] GC(1) Pause Young (Concurrent Start) (Metadata GC Threshold)
[2019-11-17T23:43:56.454+0100][gc,task      ] GC(1) Using 8 workers of 8 for evacuation
[2019-11-17T23:43:56.462+0100][gc,phases    ] GC(1)   Pre Evacuate Collection Set: 0,1ms
[2019-11-17T23:43:56.462+0100][gc,phases    ] GC(1)   Evacuate Collection Set: 7,2ms
[2019-11-17T23:43:56.462+0100][gc,phases    ] GC(1)   Post Evacuate Collection Set: 0,4ms
[2019-11-17T23:43:56.462+0100][gc,phases    ] GC(1)   Other: 0,2ms
[2019-11-17T23:43:56.462+0100][gc,heap      ] GC(1) Eden regions: 16->0(49)
[2019-11-17T23:43:56.462+0100][gc,heap      ] GC(1) Survivor regions: 7->2(7)
[2019-11-17T23:43:56.462+0100][gc,heap      ] GC(1) Old regions: 2->8
[2019-11-17T23:43:56.462+0100][gc,heap      ] GC(1) Humongous regions: 129->129
[2019-11-17T23:43:56.462+0100][gc,metaspace ] GC(1) Metaspace: 20521K->20521K(1067008K)
[2019-11-17T23:43:56.462+0100][gc           ] GC(1) Pause Young (Concurrent Start) (Metadata GC Threshold) 151M->137M(1024M) 7,953ms
[2019-11-17T23:43:56.462+0100][gc,cpu       ] GC(1) User=0,03s Sys=0,00s Real=0,01s
[2019-11-17T23:43:56.462+0100][gc           ] GC(2) Concurrent Cycle
[2019-11-17T23:43:56.462+0100][gc,marking   ] GC(2) Concurrent Clear Claimed Marks
[2019-11-17T23:43:56.462+0100][gc,marking   ] GC(2) Concurrent Clear Claimed Marks 0,035ms
[2019-11-17T23:43:56.462+0100][gc,marking   ] GC(2) Concurrent Scan Root Regions
[2019-11-17T23:43:56.463+0100][gc,marking   ] GC(2) Concurrent Scan Root Regions 0,798ms
[2019-11-17T23:43:56.463+0100][gc,marking   ] GC(2) Concurrent Mark (1,238s)
[2019-11-17T23:43:56.463+0100][gc,marking   ] GC(2) Concurrent Mark From Roots
[2019-11-17T23:43:56.463+0100][gc,task      ] GC(2) Using 2 workers of 2 for marking
[2019-11-17T23:43:56.470+0100][gc,marking   ] GC(2) Concurrent Mark From Roots 6,697ms
[2019-11-17T23:43:56.470+0100][gc,marking   ] GC(2) Concurrent Preclean
[2019-11-17T23:43:56.470+0100][gc,marking   ] GC(2) Concurrent Preclean 0,128ms
[2019-11-17T23:43:56.470+0100][gc,marking   ] GC(2) Concurrent Mark (1,238s, 1,245s) 6,866ms
[2019-11-17T23:43:56.470+0100][gc,start     ] GC(2) Pause Remark
[2019-11-17T23:43:56.472+0100][gc,stringtable] GC(2) Cleaned string and symbol table, strings: 4866 processed, 0 removed, symbols: 50720 processed, 44 removed
[2019-11-17T23:43:56.472+0100][gc            ] GC(2) Pause Remark 138M->138M(1024M) 1,615ms
[2019-11-17T23:43:56.472+0100][gc,cpu        ] GC(2) User=0,01s Sys=0,00s Real=0,00s
[2019-11-17T23:43:56.472+0100][gc,marking    ] GC(2) Concurrent Rebuild Remembered Sets
[2019-11-17T23:43:56.475+0100][gc,marking    ] GC(2) Concurrent Rebuild Remembered Sets 3,485ms
[2019-11-17T23:43:56.475+0100][gc,start      ] GC(2) Pause Cleanup
[2019-11-17T23:43:56.476+0100][gc            ] GC(2) Pause Cleanup 139M->139M(1024M) 0,213ms
[2019-11-17T23:43:56.476+0100][gc,cpu        ] GC(2) User=0,00s Sys=0,00s Real=0,00s
[2019-11-17T23:43:56.476+0100][gc,marking    ] GC(2) Concurrent Cleanup for Next Mark
[2019-11-17T23:43:56.481+0100][gc,marking    ] GC(2) Concurrent Cleanup for Next Mark 4,759ms
[2019-11-17T23:43:56.481+0100][gc            ] GC(2) Concurrent Cycle 18,321ms
[2019-11-17T23:43:59.402+0100][gc,heap,exit  ] Heap
[2019-11-17T23:43:59.402+0100][gc,heap,exit  ]  garbage-first heap   total 1048576K, used 160962K [0x00000000c0000000, 0x0000000100000000)
[2019-11-17T23:43:59.402+0100][gc,heap,exit  ]   region size 1024K, 23 young (23552K), 2 survivors (2048K)
[2019-11-17T23:43:59.402+0100][gc,heap,exit  ]  Metaspace       used 23195K, capacity 24145K, committed 24316K, reserved 1071104K
[2019-11-17T23:43:59.402+0100][gc,heap,exit  ]   class space    used 3228K, capacity 3615K, committed 3660K, reserved 1048576K
>>>>>>> edd1804bf9d9b19ae4fbd82d314157a4c3af3139
