[2019-11-17T23:48:19.504+0100][gc,heap] Heap region size: 1M
[2019-11-17T23:48:19.519+0100][gc     ] Using G1
[2019-11-17T23:48:19.519+0100][gc,heap,coops] Heap address: 0x00000000e0000000, size: 512 MB, Compressed Oops mode: 32-bit
[2019-11-17T23:48:19.520+0100][gc,cds       ] Mark closed archive regions in map: [0x00000000fff00000, 0x00000000fff69ff8]
[2019-11-17T23:48:19.520+0100][gc,cds       ] Mark open archive regions in map: [0x00000000ffe00000, 0x00000000ffe33ff8]
[2019-11-18T00:13:18.938+0100][gc,start     ] GC(0) Pause Young (Normal) (G1 Evacuation Pause)
[2019-11-18T00:13:18.939+0100][gc,task      ] GC(0) Using 8 workers of 8 for evacuation
[2019-11-18T00:13:18.951+0100][gc,phases    ] GC(0)   Pre Evacuate Collection Set: 0,0ms
[2019-11-18T00:13:18.951+0100][gc,phases    ] GC(0)   Evacuate Collection Set: 10,7ms
[2019-11-18T00:13:18.951+0100][gc,phases    ] GC(0)   Post Evacuate Collection Set: 0,5ms
[2019-11-18T00:13:18.951+0100][gc,phases    ] GC(0)   Other: 1,4ms
[2019-11-18T00:13:18.951+0100][gc,heap      ] GC(0) Eden regions: 25->0(21)
[2019-11-18T00:13:18.951+0100][gc,heap      ] GC(0) Survivor regions: 0->4(4)
[2019-11-18T00:13:18.951+0100][gc,heap      ] GC(0) Old regions: 2->3
[2019-11-18T00:13:18.951+0100][gc,heap      ] GC(0) Humongous regions: 0->0
[2019-11-18T00:13:18.951+0100][gc,metaspace ] GC(0) Metaspace: 7655K->7655K(1056768K)
[2019-11-18T00:13:18.951+0100][gc           ] GC(0) Pause Young (Normal) (G1 Evacuation Pause) 25M->5M(512M) 12,659ms
[2019-11-18T00:13:18.951+0100][gc,cpu       ] GC(0) User=0,08s Sys=0,00s Real=0,01s
[2019-11-18T00:56:39.985+0100][gc,heap,exit ] Heap
[2019-11-18T00:56:39.991+0100][gc,heap,exit ]  garbage-first heap   total 524288K, used 10807K [0x00000000e0000000, 0x0000000100000000)
[2019-11-18T00:56:39.991+0100][gc,heap,exit ]   region size 1024K, 10 young (10240K), 4 survivors (4096K)
[2019-11-18T00:56:39.991+0100][gc,heap,exit ]  Metaspace       used 7692K, capacity 7983K, committed 8192K, reserved 1056768K
[2019-11-18T00:56:39.991+0100][gc,heap,exit ]   class space    used 839K, capacity 962K, committed 1024K, reserved 1048576K
