[2019-10-17T13:44:30.529+0200][gc,heap] Heap region size: 1M
[2019-10-17T13:44:30.535+0200][gc     ] Using G1
[2019-10-17T13:44:30.535+0200][gc,heap,coops] Heap address: 0x00000000e0000000, size: 512 MB, Compressed Oops mode: 32-bit
[2019-10-17T13:44:30.535+0200][gc,cds       ] Mark closed archive regions in map: [0x00000000fff00000, 0x00000000fff69ff8]
[2019-10-17T13:44:30.535+0200][gc,cds       ] Mark open archive regions in map: [0x00000000ffe00000, 0x00000000ffe33ff8]
[2019-10-17T13:45:43.756+0200][gc,heap,exit ] Heap
[2019-10-17T13:45:43.756+0200][gc,heap,exit ]  garbage-first heap   total 524288K, used 24184K [0x00000000e0000000, 0x0000000100000000)
[2019-10-17T13:45:43.756+0200][gc,heap,exit ]   region size 1024K, 24 young (24576K), 0 survivors (0K)
[2019-10-17T13:45:43.756+0200][gc,heap,exit ]  Metaspace       used 7440K, capacity 7727K, committed 7936K, reserved 1056768K
[2019-10-17T13:45:43.756+0200][gc,heap,exit ]   class space    used 838K, capacity 962K, committed 1024K, reserved 1048576K
