[2019-11-17T20:00:26.952+0100][gc,heap] Heap region size: 1M
[2019-11-17T20:00:26.963+0100][gc     ] Using G1
[2019-11-17T20:00:26.963+0100][gc,heap,coops] Heap address: 0x00000000e0000000, size: 512 MB, Compressed Oops mode: 32-bit
[2019-11-17T20:00:26.990+0100][gc           ] Periodic GC disabled
[2019-11-17T20:45:04.765+0100][gc,start     ] GC(0) Pause Young (Normal) (G1 Evacuation Pause)
[2019-11-17T20:45:04.768+0100][gc,task      ] GC(0) Using 8 workers of 8 for evacuation
[2019-11-17T20:45:04.775+0100][gc,phases    ] GC(0)   Pre Evacuate Collection Set: 0,0ms
[2019-11-17T20:45:04.775+0100][gc,phases    ] GC(0)   Evacuate Collection Set: 6,4ms
[2019-11-17T20:45:04.775+0100][gc,phases    ] GC(0)   Post Evacuate Collection Set: 0,6ms
[2019-11-17T20:45:04.775+0100][gc,phases    ] GC(0)   Other: 2,5ms
[2019-11-17T20:45:04.775+0100][gc,heap      ] GC(0) Eden regions: 25->0(21)
[2019-11-17T20:45:04.775+0100][gc,heap      ] GC(0) Survivor regions: 0->4(4)
[2019-11-17T20:45:04.775+0100][gc,heap      ] GC(0) Old regions: 0->2
[2019-11-17T20:45:04.775+0100][gc,heap      ] GC(0) Archive regions: 0->0
[2019-11-17T20:45:04.775+0100][gc,heap      ] GC(0) Humongous regions: 0->0
[2019-11-17T20:45:04.775+0100][gc,metaspace ] GC(0) Metaspace: 15126K->15126K(1062912K)
[2019-11-17T20:45:04.775+0100][gc           ] GC(0) Pause Young (Normal) (G1 Evacuation Pause) 25M->5M(512M) 9,545ms
[2019-11-17T20:45:04.775+0100][gc,cpu       ] GC(0) User=0,05s Sys=0,00s Real=0,01s
[2019-11-17T20:45:14.858+0100][gc,heap,exit ] Heap
[2019-11-17T20:45:14.858+0100][gc,heap,exit ]  garbage-first heap   total 524288K, used 6364K [0x00000000e0000000, 0x0000000100000000)
[2019-11-17T20:45:14.858+0100][gc,heap,exit ]   region size 1024K, 6 young (6144K), 4 survivors (4096K)
[2019-11-17T20:45:14.858+0100][gc,heap,exit ]  Metaspace       used 15150K, capacity 15422K, committed 15744K, reserved 1062912K
[2019-11-17T20:45:14.858+0100][gc,heap,exit ]   class space    used 1485K, capacity 1605K, committed 1664K, reserved 1048576K
