[2019-10-15T20:14:25.502+0200][gc,heap] Heap region size: 1M
[2019-10-15T20:14:25.515+0200][gc     ] Using G1
[2019-10-15T20:14:25.515+0200][gc,heap,coops] Heap address: 0x00000000e0000000, size: 512 MB, Compressed Oops mode: 32-bit
[2019-10-15T20:14:25.516+0200][gc,cds       ] Mark closed archive regions in map: [0x00000000fff00000, 0x00000000fff69ff8]
[2019-10-15T20:14:25.516+0200][gc,cds       ] Mark open archive regions in map: [0x00000000ffe00000, 0x00000000ffe33ff8]
[2019-10-15T20:14:25.830+0200][gc,heap,exit ] Heap
[2019-10-15T20:14:25.830+0200][gc,heap,exit ]  garbage-first heap   total 524288K, used 13944K [0x00000000e0000000, 0x0000000100000000)
[2019-10-15T20:14:25.830+0200][gc,heap,exit ]   region size 1024K, 14 young (14336K), 0 survivors (0K)
[2019-10-15T20:14:25.830+0200][gc,heap,exit ]  Metaspace       used 5733K, capacity 6049K, committed 6144K, reserved 1056768K
[2019-10-15T20:14:25.830+0200][gc,heap,exit ]   class space    used 663K, capacity 765K, committed 768K, reserved 1048576K
