[2019-10-17T13:45:50.766+0200][gc,heap] Heap region size: 1M
[2019-10-17T13:45:50.780+0200][gc     ] Using G1
[2019-10-17T13:45:50.780+0200][gc,heap,coops] Heap address: 0x00000000e0000000, size: 512 MB, Compressed Oops mode: 32-bit
[2019-10-17T13:45:50.780+0200][gc,cds       ] Mark closed archive regions in map: [0x00000000fff00000, 0x00000000fff69ff8]
[2019-10-17T13:45:50.780+0200][gc,cds       ] Mark open archive regions in map: [0x00000000ffe00000, 0x00000000ffe33ff8]
[2019-10-17T14:10:43.663+0200][gc,start     ] GC(0) Pause Young (Normal) (G1 Evacuation Pause)
[2019-10-17T14:10:43.666+0200][gc,task      ] GC(0) Using 8 workers of 8 for evacuation
[2019-10-17T14:10:43.679+0200][gc,phases    ] GC(0)   Pre Evacuate Collection Set: 0,0ms
[2019-10-17T14:10:43.679+0200][gc,phases    ] GC(0)   Evacuate Collection Set: 12,2ms
[2019-10-17T14:10:43.679+0200][gc,phases    ] GC(0)   Post Evacuate Collection Set: 0,5ms
[2019-10-17T14:10:43.679+0200][gc,phases    ] GC(0)   Other: 2,9ms
[2019-10-17T14:10:43.679+0200][gc,heap      ] GC(0) Eden regions: 25->0(21)
[2019-10-17T14:10:43.679+0200][gc,heap      ] GC(0) Survivor regions: 0->4(4)
[2019-10-17T14:10:43.679+0200][gc,heap      ] GC(0) Old regions: 2->4
[2019-10-17T14:10:43.679+0200][gc,heap      ] GC(0) Humongous regions: 0->0
[2019-10-17T14:10:43.679+0200][gc,metaspace ] GC(0) Metaspace: 7638K->7638K(1056768K)
[2019-10-17T14:10:43.679+0200][gc           ] GC(0) Pause Young (Normal) (G1 Evacuation Pause) 25M->5M(512M) 15,667ms
[2019-10-17T14:10:43.679+0200][gc,cpu       ] GC(0) User=0,10s Sys=0,00s Real=0,02s
[2019-10-18T11:24:48.060+0200][gc,heap,exit ] Heap
[2019-10-18T11:24:48.060+0200][gc,heap,exit ]  garbage-first heap   total 524288K, used 21154K [0x00000000e0000000, 0x0000000100000000)
[2019-10-18T11:24:48.060+0200][gc,heap,exit ]   region size 1024K, 20 young (20480K), 4 survivors (4096K)
[2019-10-18T11:24:48.060+0200][gc,heap,exit ]  Metaspace       used 7671K, capacity 7983K, committed 8192K, reserved 1056768K
[2019-10-18T11:24:48.060+0200][gc,heap,exit ]   class space    used 842K, capacity 962K, committed 1024K, reserved 1048576K
